Archive member included to satisfy reference by file (symbol)

/Users/hsiang/.p2/pool/plugins/fr.ac6.mcu.externaltools.arm-none.macos64_1.16.0.201807130628/tools/compiler/bin/../lib/gcc/arm-none-eabi/7.2.1/thumb/v6-m/libgcc.a(_udivsi3.o)
                              StdPeriph_Driver/src/stm32f0xx_rcc.o (__aeabi_uidiv)
/Users/hsiang/.p2/pool/plugins/fr.ac6.mcu.externaltools.arm-none.macos64_1.16.0.201807130628/tools/compiler/bin/../lib/gcc/arm-none-eabi/7.2.1/thumb/v6-m/libgcc.a(_divsi3.o)
                              src/potentiometer.o (__aeabi_idivmod)
/Users/hsiang/.p2/pool/plugins/fr.ac6.mcu.externaltools.arm-none.macos64_1.16.0.201807130628/tools/compiler/bin/../lib/gcc/arm-none-eabi/7.2.1/thumb/v6-m/libgcc.a(_dvmd_tls.o)
                              /Users/hsiang/.p2/pool/plugins/fr.ac6.mcu.externaltools.arm-none.macos64_1.16.0.201807130628/tools/compiler/bin/../lib/gcc/arm-none-eabi/7.2.1/thumb/v6-m/libgcc.a(_udivsi3.o) (__aeabi_idiv0)
/Users/hsiang/.p2/pool/plugins/fr.ac6.mcu.externaltools.arm-none.macos64_1.16.0.201807130628/tools/compiler/bin/../lib/gcc/arm-none-eabi/7.2.1/../../../../arm-none-eabi/lib/thumb/v6-m/libc.a(lib_a-assert.o)
                              src/block.o (__assert_func)
/Users/hsiang/.p2/pool/plugins/fr.ac6.mcu.externaltools.arm-none.macos64_1.16.0.201807130628/tools/compiler/bin/../lib/gcc/arm-none-eabi/7.2.1/../../../../arm-none-eabi/lib/thumb/v6-m/libc.a(lib_a-errno.o)
                              src/syscalls.o (__errno)
/Users/hsiang/.p2/pool/plugins/fr.ac6.mcu.externaltools.arm-none.macos64_1.16.0.201807130628/tools/compiler/bin/../lib/gcc/arm-none-eabi/7.2.1/../../../../arm-none-eabi/lib/thumb/v6-m/libc.a(lib_a-exit.o)
                              /Users/hsiang/.p2/pool/plugins/fr.ac6.mcu.externaltools.arm-none.macos64_1.16.0.201807130628/tools/compiler/bin/../lib/gcc/arm-none-eabi/7.2.1/../../../../arm-none-eabi/lib/thumb/v6-m/crt0.o (exit)
/Users/hsiang/.p2/pool/plugins/fr.ac6.mcu.externaltools.arm-none.macos64_1.16.0.201807130628/tools/compiler/bin/../lib/gcc/arm-none-eabi/7.2.1/../../../../arm-none-eabi/lib/thumb/v6-m/libc.a(lib_a-fiprintf.o)
                              /Users/hsiang/.p2/pool/plugins/fr.ac6.mcu.externaltools.arm-none.macos64_1.16.0.201807130628/tools/compiler/bin/../lib/gcc/arm-none-eabi/7.2.1/../../../../arm-none-eabi/lib/thumb/v6-m/libc.a(lib_a-assert.o) (fiprintf)
/Users/hsiang/.p2/pool/plugins/fr.ac6.mcu.externaltools.arm-none.macos64_1.16.0.201807130628/tools/compiler/bin/../lib/gcc/arm-none-eabi/7.2.1/../../../../arm-none-eabi/lib/thumb/v6-m/libc.a(lib_a-impure.o)
                              /Users/hsiang/.p2/pool/plugins/fr.ac6.mcu.externaltools.arm-none.macos64_1.16.0.201807130628/tools/compiler/bin/../lib/gcc/arm-none-eabi/7.2.1/../../../../arm-none-eabi/lib/thumb/v6-m/libc.a(lib_a-exit.o) (_global_impure_ptr)
/Users/hsiang/.p2/pool/plugins/fr.ac6.mcu.externaltools.arm-none.macos64_1.16.0.201807130628/tools/compiler/bin/../lib/gcc/arm-none-eabi/7.2.1/../../../../arm-none-eabi/lib/thumb/v6-m/libc.a(lib_a-init.o)
                              /Users/hsiang/.p2/pool/plugins/fr.ac6.mcu.externaltools.arm-none.macos64_1.16.0.201807130628/tools/compiler/bin/../lib/gcc/arm-none-eabi/7.2.1/../../../../arm-none-eabi/lib/thumb/v6-m/crt0.o (__libc_init_array)
/Users/hsiang/.p2/pool/plugins/fr.ac6.mcu.externaltools.arm-none.macos64_1.16.0.201807130628/tools/compiler/bin/../lib/gcc/arm-none-eabi/7.2.1/../../../../arm-none-eabi/lib/thumb/v6-m/libc.a(lib_a-malloc.o)
                              src/block.o (malloc)
/Users/hsiang/.p2/pool/plugins/fr.ac6.mcu.externaltools.arm-none.macos64_1.16.0.201807130628/tools/compiler/bin/../lib/gcc/arm-none-eabi/7.2.1/../../../../arm-none-eabi/lib/thumb/v6-m/libc.a(lib_a-mallocr.o)
                              /Users/hsiang/.p2/pool/plugins/fr.ac6.mcu.externaltools.arm-none.macos64_1.16.0.201807130628/tools/compiler/bin/../lib/gcc/arm-none-eabi/7.2.1/../../../../arm-none-eabi/lib/thumb/v6-m/libc.a(lib_a-malloc.o) (_malloc_r)
/Users/hsiang/.p2/pool/plugins/fr.ac6.mcu.externaltools.arm-none.macos64_1.16.0.201807130628/tools/compiler/bin/../lib/gcc/arm-none-eabi/7.2.1/../../../../arm-none-eabi/lib/thumb/v6-m/libc.a(lib_a-memset.o)
                              /Users/hsiang/.p2/pool/plugins/fr.ac6.mcu.externaltools.arm-none.macos64_1.16.0.201807130628/tools/compiler/bin/../lib/gcc/arm-none-eabi/7.2.1/../../../../arm-none-eabi/lib/thumb/v6-m/crt0.o (memset)
/Users/hsiang/.p2/pool/plugins/fr.ac6.mcu.externaltools.arm-none.macos64_1.16.0.201807130628/tools/compiler/bin/../lib/gcc/arm-none-eabi/7.2.1/../../../../arm-none-eabi/lib/thumb/v6-m/libc.a(lib_a-mlock.o)
                              /Users/hsiang/.p2/pool/plugins/fr.ac6.mcu.externaltools.arm-none.macos64_1.16.0.201807130628/tools/compiler/bin/../lib/gcc/arm-none-eabi/7.2.1/../../../../arm-none-eabi/lib/thumb/v6-m/libc.a(lib_a-mallocr.o) (__malloc_lock)
[...]
Memory Configuration

Name             Origin             Length             Attributes
FLASH            0x0000000008000000 0x0000000000010000 xr
RAM              0x0000000020000000 0x0000000000002000 xrw
*default*        0x0000000000000000 0xffffffffffffffff

Linker script and memory map

LOAD /Users/hsiang/.p2/pool/plugins/fr.ac6.mcu.externaltools.arm-none.macos64_1.16.0.201807130628/tools/compiler/bin/../lib/gcc/arm-none-eabi/7.2.1/thumb/v6-m/crti.o
LOAD /Users/hsiang/.p2/pool/plugins/fr.ac6.mcu.externaltools.arm-none.macos64_1.16.0.201807130628/tools/compiler/bin/../lib/gcc/arm-none-eabi/7.2.1/thumb/v6-m/crtbegin.o
LOAD /Users/hsiang/.p2/pool/plugins/fr.ac6.mcu.externaltools.arm-none.macos64_1.16.0.201807130628/tools/compiler/bin/../lib/gcc/arm-none-eabi/7.2.1/../../../../arm-none-eabi/lib/thumb/v6-m/crt0.o
LOAD StdPeriph_Driver/src/stm32f0xx_adc.o
LOAD StdPeriph_Driver/src/stm32f0xx_cec.o
LOAD StdPeriph_Driver/src/stm32f0xx_comp.o
LOAD StdPeriph_Driver/src/stm32f0xx_crc.o
LOAD StdPeriph_Driver/src/stm32f0xx_dac.o
LOAD StdPeriph_Driver/src/stm32f0xx_dbgmcu.o
LOAD StdPeriph_Driver/src/stm32f0xx_dma.o
LOAD StdPeriph_Driver/src/stm32f0xx_exti.o
LOAD StdPeriph_Driver/src/stm32f0xx_flash.o
LOAD StdPeriph_Driver/src/stm32f0xx_gpio.o
LOAD StdPeriph_Driver/src/stm32f0xx_i2c.o
LOAD StdPeriph_Driver/src/stm32f0xx_iwdg.o
LOAD StdPeriph_Driver/src/stm32f0xx_misc.o
LOAD StdPeriph_Driver/src/stm32f0xx_pwr.o
LOAD StdPeriph_Driver/src/stm32f0xx_rcc.o
LOAD StdPeriph_Driver/src/stm32f0xx_rtc.o
LOAD StdPeriph_Driver/src/stm32f0xx_spi.o
LOAD StdPeriph_Driver/src/stm32f0xx_syscfg.o
LOAD StdPeriph_Driver/src/stm32f0xx_tim.o
LOAD StdPeriph_Driver/src/stm32f0xx_usart.o
LOAD StdPeriph_Driver/src/stm32f0xx_wwdg.o
LOAD Utilities/stm32f0_discovery.o
LOAD src/block.o
LOAD src/display.o
LOAD src/main.o
LOAD src/nano_wait.o
LOAD src/potentiometer.o
LOAD src/syscalls.o
LOAD src/system_stm32f0xx.o
LOAD startup/startup_stm32f0xx.o
LOAD /Users/hsiang/.p2/pool/plugins/fr.ac6.mcu.externaltools.arm-none.macos64_1.16.0.201807130628/tools/compiler/bin/../lib/gcc/arm-none-eabi/7.2.1/../../../../arm-none-eabi/lib/thumb/v6-m/libm.a
START GROUP
LOAD /Users/hsiang/.p2/pool/plugins/fr.ac6.mcu.externaltools.arm-none.macos64_1.16.0.201807130628/tools/compiler/bin/../lib/gcc/arm-none-eabi/7.2.1/thumb/v6-m/libgcc.a
LOAD /Users/hsiang/.p2/pool/plugins/fr.ac6.mcu.externaltools.arm-none.macos64_1.16.0.201807130628/tools/compiler/bin/../lib/gcc/arm-none-eabi/7.2.1/../../../../arm-none-eabi/lib/thumb/v6-m/libc.a
END GROUP
LOAD /Users/hsiang/.p2/pool/plugins/fr.ac6.mcu.externaltools.arm-none.macos64_1.16.0.201807130628/tools/compiler/bin/../lib/gcc/arm-none-eabi/7.2.1/thumb/v6-m/crtend.o
LOAD /Users/hsiang/.p2/pool/plugins/fr.ac6.mcu.externaltools.arm-none.macos64_1.16.0.201807130628/tools/compiler/bin/../lib/gcc/arm-none-eabi/7.2.1/thumb/v6-m/crtn.o
                0x0000000020002000                _estack = 0x20002000
                0x0000000000000000                _Min_Heap_Size = 0x0
                0x0000000000000080                _Min_Stack_Size = 0x80

.isr_vector     0x0000000008000000       0xc4
                0x0000000008000000                . = ALIGN (0x4)
 *(.isr_vector)
 .isr_vector    0x0000000008000000       0xc4 startup/startup_stm32f0xx.o
                0x0000000008000000                g_pfnVectors
                0x00000000080000c4                . = ALIGN (0x4)

.text           0x00000000080000c4     0x43ec
                0x00000000080000c4                . = ALIGN (0x4)
 *(.text)
 .text          0x00000000080000c4       0x48 /Users/hsiang/.p2/pool/plugins/fr.ac6.mcu.externaltools.arm-none.macos64_1.16.0.201807130628/tools/compiler/bin/../lib/gcc/arm-none-eabi/7.2.1/thumb/v6-m/crtbegin.o
 .text          0x000000000800010c      0x114 /Users/hsiang/.p2/pool/plugins/fr.ac6.mcu.externaltools.arm-none.macos64_1.16.0.201807130628/tools/compiler/bin/../lib/gcc/arm-none-eabi/7.2.1/thumb/v6-m/libgcc.a(_udivsi3.o)
                0x000000000800010c                __udivsi3
                0x000000000800010c                __aeabi_uidiv
                0x0000000008000218                __aeabi_uidivmod
 .text          0x0000000008000220      0x1d4 /Users/hsiang/.p2/pool/plugins/fr.ac6.mcu.externaltools.arm-none.macos64_1.16.0.201807130628/tools/compiler/bin/../lib/gcc/arm-none-eabi/7.2.1/thumb/v6-m/libgcc.a(_divsi3.o)
                0x0000000008000220                __aeabi_idiv
                0x0000000008000220                __divsi3
                0x00000000080003ec                __aeabi_idivmod
 .text          0x00000000080003f4        0x4 /Users/hsiang/.p2/pool/plugins/fr.ac6.mcu.externaltools.arm-none.macos64_1.16.0.201807130628/tools/compiler/bin/../lib/gcc/arm-none-eabi/7.2.1/thumb/v6-m/libgcc.a(_dvmd_tls.o)
                0x00000000080003f4                __aeabi_ldiv0
                0x00000000080003f4                __aeabi_idiv0
 .text          0x00000000080003f8       0x40 /Users/hsiang/.p2/pool/plugins/fr.ac6.mcu.externaltools.arm-none.macos64_1.16.0.201807130628/tools/compiler/bin/../lib/gcc/arm-none-eabi/7.2.1/thumb/v6-m/libgcc.a(_aeabi_uldivmod.o)
                0x00000000080003f8                __aeabi_uldivmod
 .text          0x0000000008000438      0x184 /Users/hsiang/.p2/pool/plugins/fr.ac6.mcu.externaltools.arm-none.macos64_1.16.0.201807130628/tools/compiler/bin/../lib/gcc/arm-none-eabi/7.2.1/thumb/v6-m/libgcc.a(_udivmoddi4.o)
                0x0000000008000438                __udivmoddi4
 .text          0x00000000080005bc       0x18 /Users/hsiang/.p2/pool/plugins/fr.ac6.mcu.externaltools.arm-none.macos64_1.16.0.201807130628/tools/compiler/bin/../lib/gcc/arm-none-eabi/7.2.1/thumb/v6-m/libgcc.a(_clzdi2.o)
                0x00000000080005bc                __clzdi2
 .text          0x00000000080005d4       0x3c /Users/hsiang/.p2/pool/plugins/fr.ac6.mcu.externaltools.arm-none.macos64_1.16.0.201807130628/tools/compiler/bin/../lib/gcc/arm-none-eabi/7.2.1/thumb/v6-m/libgcc.a(_clzsi2.o)
                0x00000000080005d4                __clzsi2
 *(.text*)
 .text.block_init
                0x0000000008000610       0xac src/block.o
                0x0000000008000610                block_init
 .text.show_block_valid
                0x00000000080006bc      0x15c src/block.o
                0x00000000080006bc                show_block_valid
 .text.show_block
                0x0000000008000818       0x18 src/block.o
                0x0000000008000818                show_block
 .text.delay_cycles
                0x0000000008000830       0x26 src/main.o
                0x0000000008000830                delay_cycles
 *fill*         0x0000000008000856        0x2 
 .text.hspi_init
                0x0000000008000858       0xb4 src/main.o
                0x0000000008000858                hspi_init
 .text.hspi_w8  0x000000000800090c       0x30 src/main.o
                0x000000000800090c                hspi_w8
 .text.hspi_w16
                0x000000000800093c       0x4a src/main.o
                0x000000000800093c                hspi_w16
 *fill*         0x0000000008000986        0x2 
 .text.hspi_cmd
                0x0000000008000988       0x68 src/main.o
                0x0000000008000988                hspi_cmd
 .text.ili9341_hspi_init
                0x00000000080009f0      0x3a0 src/main.o
                0x00000000080009f0                ili9341_hspi_init
 .text.spi_gpio_init
                0x0000000008000d90       0xf0 src/main.o
                0x0000000008000d90                spi_gpio_init
 .text.spi1_init
                0x0000000008000e80       0xb0 src/main.o
                0x0000000008000e80                spi1_init
 .text.SPI_INIT
                0x0000000008000f30       0x12 src/main.o
                0x0000000008000f30                SPI_INIT
 *fill*         0x0000000008000f42        0x2 
 .text.CleanScreen
                0x0000000008000f44       0xb0 src/main.o
                0x0000000008000f44                CleanScreen
 .text.main     0x0000000008000ff4       0x6c src/main.o
                0x0000000008000ff4                main
 .text.adc_init
                0x0000000008001060       0x98 src/potentiometer.o
                0x0000000008001060                adc_init
 .text.read_adc
                0x00000000080010f8      0x17c src/potentiometer.o
                0x00000000080010f8                read_adc
 .text.displacement_init
                0x0000000008001274       0x94 src/potentiometer.o
                0x0000000008001274                displacement_init
 .text.create_displacement
                0x0000000008001308       0x4e src/potentiometer.o
                0x0000000008001308                create_displacement
 .text._getpid  0x0000000008001356        0xc src/syscalls.o
                0x0000000008001356                _getpid
 .text._kill    0x0000000008001362       0x20 src/syscalls.o
                0x0000000008001362                _kill
 .text._exit    0x0000000008001382       0x18 src/syscalls.o
                0x0000000008001382                _exit
 .text._read    0x000000000800139a       0x3a src/syscalls.o
                0x000000000800139a                _read
 .text._write   0x00000000080013d4       0x38 src/syscalls.o
                0x00000000080013d4                _write
 .text._sbrk    0x000000000800140c       0x58 src/syscalls.o
                0x000000000800140c                _sbrk
 .text._close   0x0000000008001464       0x14 src/syscalls.o
                0x0000000008001464                _close
 .text._fstat   0x0000000008001478       0x1c src/syscalls.o
                0x0000000008001478                _fstat
 .text._isatty  0x0000000008001494       0x12 src/syscalls.o
                0x0000000008001494                _isatty
 .text._lseek   0x00000000080014a6       0x16 src/syscalls.o
                0x00000000080014a6                _lseek
 .text.SystemInit
                0x00000000080014bc       0x8c src/system_stm32f0xx.o
                0x00000000080014bc                SystemInit
 .text.SetSysClock
                0x0000000008001548       0x94 src/system_stm32f0xx.o
 .text.Reset_Handler
                0x00000000080015dc       0x50 startup/startup_stm32f0xx.o
                0x00000000080015dc                Reset_Handler
 .text.Default_Handler
                0x000000000800162c        0x2 startup/startup_stm32f0xx.o
                0x000000000800162c                TIM1_BRK_UP_TRG_COM_IRQHandler
                0x000000000800162c                HardFault_Handler
                0x000000000800162c                ADC1_COMP_IRQHandler
                0x000000000800162c                SysTick_Handler
                0x000000000800162c                PVD_IRQHandler
                0x000000000800162c                PendSV_Handler
                0x000000000800162c                NMI_Handler
                0x000000000800162c                I2C1_IRQHandler
                0x000000000800162c                SPI1_IRQHandler
                0x000000000800162c                TIM6_DAC_IRQHandler
                0x000000000800162c                EXTI2_3_IRQHandler
                0x000000000800162c                I2C2_IRQHandler
                0x000000000800162c                TIM17_IRQHandler
                0x000000000800162c                RTC_IRQHandler
                0x000000000800162c                TIM16_IRQHandler
                0x000000000800162c                TIM3_IRQHandler
                0x000000000800162c                EXTI4_15_IRQHandler
                0x000000000800162c                RCC_IRQHandler
                0x000000000800162c                DMA1_Channel1_IRQHandler
                0x000000000800162c                Default_Handler
                0x000000000800162c                CEC_IRQHandler
                0x000000000800162c                TIM14_IRQHandler
                0x000000000800162c                DMA1_Channel4_5_IRQHandler
                0x000000000800162c                TIM15_IRQHandler
                0x000000000800162c                EXTI0_1_IRQHandler
                0x000000000800162c                SPI2_IRQHandler
                0x000000000800162c                SVC_Handler
                0x000000000800162c                TS_IRQHandler
                0x000000000800162c                WWDG_IRQHandler
                0x000000000800162c                TIM2_IRQHandler
                0x000000000800162c                DMA1_Channel2_3_IRQHandler
                0x000000000800162c                USART2_IRQHandler
                0x000000000800162c                FLASH_IRQHandler
                0x000000000800162c                USART1_IRQHandler
                0x000000000800162c                TIM1_CC_IRQHandler
 *fill*         0x000000000800162e        0x2 
 .text.__assert_func
                0x0000000008001630       0x40 /Users/hsiang/.p2/pool/plugins/fr.ac6.mcu.externaltools.arm-none.macos64_1.16.0.201807130628/tools/compiler/bin/../lib/gcc/arm-none-eabi/7.2.1/../../../../arm-none-eabi/lib/thumb/v6-m/libc.a(lib_a-assert.o)
                0x0000000008001630                __assert_func
 .text.__errno  0x0000000008001670        0xc /Users/hsiang/.p2/pool/plugins/fr.ac6.mcu.externaltools.arm-none.macos64_1.16.0.201807130628/tools/compiler/bin/../lib/gcc/arm-none-eabi/7.2.1/../../../../arm-none-eabi/lib/thumb/v6-m/libc.a(lib_a-errno.o)
                0x0000000008001670                __errno
 .text.fiprintf
                0x000000000800167c       0x24 /Users/hsiang/.p2/pool/plugins/fr.ac6.mcu.externaltools.arm-none.macos64_1.16.0.201807130628/tools/compiler/bin/../lib/gcc/arm-none-eabi/7.2.1/../../../../arm-none-eabi/lib/thumb/v6-m/libc.a(lib_a-fiprintf.o)
                0x000000000800167c                fiprintf
 .text.__libc_init_array
                0x00000000080016a0       0x48 /Users/hsiang/.p2/pool/plugins/fr.ac6.mcu.externaltools.arm-none.macos64_1.16.0.201807130628/tools/compiler/bin/../lib/gcc/arm-none-eabi/7.2.1/../../../../arm-none-eabi/lib/thumb/v6-m/libc.a(lib_a-init.o)
                0x00000000080016a0                __libc_init_array
 .text.malloc   0x00000000080016e8       0x14 /Users/hsiang/.p2/pool/plugins/fr.ac6.mcu.externaltools.arm-none.macos64_1.16.0.201807130628/tools/compiler/bin/../lib/gcc/arm-none-eabi/7.2.1/../../../../arm-none-eabi/lib/thumb/v6-m/libc.a(lib_a-malloc.o)
                0x00000000080016e8                malloc
 .text._malloc_r
                0x00000000080016fc      0x554 /Users/hsiang/.p2/pool/plugins/fr.ac6.mcu.externaltools.arm-none.macos64_1.16.0.201807130628/tools/compiler/bin/../lib/gcc/arm-none-eabi/7.2.1/../../../../arm-none-eabi/lib/thumb/v6-m/libc.a(lib_a-mallocr.o)
                0x00000000080016fc                _malloc_r
 .text.memset   0x0000000008001c50       0x9c /Users/hsiang/.p2/pool/plugins/fr.ac6.mcu.externaltools.arm-none.macos64_1.16.0.201807130628/tools/compiler/bin/../lib/gcc/arm-none-eabi/7.2.1/../../../../arm-none-eabi/lib/thumb/v6-m/libc.a(lib_a-memset.o)
                0x0000000008001c50                memset
 .text.__malloc_lock
                0x0000000008001cec       0x10 /Users/hsiang/.p2/pool/plugins/fr.ac6.mcu.externaltools.arm-none.macos64_1.16.0.201807130628/tools/compiler/bin/../lib/gcc/arm-none-eabi/7.2.1/../../../../arm-none-eabi/lib/thumb/v6-m/libc.a(lib_a-mlock.o)
                0x0000000008001cec                __malloc_lock
 .text.__malloc_unlock
                0x0000000008001cfc       0x10 /Users/hsiang/.p2/pool/plugins/fr.ac6.mcu.externaltools.arm-none.macos64_1.16.0.201807130628/tools/compiler/bin/../lib/gcc/arm-none-eabi/7.2.1/../../../../arm-none-eabi/lib/thumb/v6-m/libc.a(lib_a-mlock.o)
                0x0000000008001cfc                __malloc_unlock
 .text._sbrk_r  0x0000000008001d0c       0x24 /Users/hsiang/.p2/pool/plugins/fr.ac6.mcu.externaltools.arm-none.macos64_1.16.0.201807130628/tools/compiler/bin/../lib/gcc/arm-none-eabi/7.2.1/../../../../arm-none-eabi/lib/thumb/v6-m/libc.a(lib_a-sbrkr.o)
                0x0000000008001d0c                _sbrk_r
 .text.__sprint_r.part.0
                0x0000000008001d30       0x80 /Users/hsiang/.p2/pool/plugins/fr.ac6.mcu.externaltools.arm-none.macos64_1.16.0.201807130628/tools/compiler/bin/../lib/gcc/arm-none-eabi/7.2.1/../../../../arm-none-eabi/lib/thumb/v6-m/libc.a(lib_a-vfiprintf.o)
 .text._vfiprintf_r
                0x0000000008001db0      0xc5c /Users/hsiang/.p2/pool/plugins/fr.ac6.mcu.externaltools.arm-none.macos64_1.16.0.201807130628/tools/compiler/bin/../lib/gcc/arm-none-eabi/7.2.1/../../../../arm-none-eabi/lib/thumb/v6-m/libc.a(lib_a-vfiprintf.o)
                0x0000000008001db0                _vfiprintf_r
 .text.__sbprintf
                0x0000000008002a0c       0x88 /Users/hsiang/.p2/pool/plugins/fr.ac6.mcu.externaltools.arm-none.macos64_1.16.0.201807130628/tools/compiler/bin/../lib/gcc/arm-none-eabi/7.2.1/../../../../arm-none-eabi/lib/thumb/v6-m/libc.a(lib_a-vfiprintf.o)
 .text.__swsetup_r
                0x0000000008002a94       0xd4 /Users/hsiang/.p2/pool/plugins/fr.ac6.mcu.externaltools.arm-none.macos64_1.16.0.201807130628/tools/compiler/bin/../lib/gcc/arm-none-eabi/7.2.1/../../../../arm-none-eabi/lib/thumb/v6-m/libc.a(lib_a-wsetup.o)
                0x0000000008002a94                __swsetup_r
 .text.startup.register_fini
                0x0000000008002b68       0x18 /Users/hsiang/.p2/pool/plugins/fr.ac6.mcu.externaltools.arm-none.macos64_1.16.0.201807130628/tools/compiler/bin/../lib/gcc/arm-none-eabi/7.2.1/../../../../arm-none-eabi/lib/thumb/v6-m/libc.a(lib_a-__call_atexit.o)
 .text.abort    0x0000000008002b80       0x10 /Users/hsiang/.p2/pool/plugins/fr.ac6.mcu.externaltools.arm-none.macos64_1.16.0.201807130628/tools/compiler/bin/../lib/gcc/arm-none-eabi/7.2.1/../../../../arm-none-eabi/lib/thumb/v6-m/libc.a(lib_a-abort.o)
                0x0000000008002b80                abort
 .text.atexit   0x0000000008002b90       0x10 /Users/hsiang/.p2/pool/plugins/fr.ac6.mcu.externaltools.arm-none.macos64_1.16.0.201807130628/tools/compiler/bin/../lib/gcc/arm-none-eabi/7.2.1/../../../../arm-none-eabi/lib/thumb/v6-m/libc.a(lib_a-atexit.o)
                0x0000000008002b90                atexit
 .text.__sflush_r
                0x0000000008002ba0      0x150 /Users/hsiang/.p2/pool/plugins/fr.ac6.mcu.externaltools.arm-none.macos64_1.16.0.201807130628/tools/compiler/bin/../lib/gcc/arm-none-eabi/7.2.1/../../../../arm-none-eabi/lib/thumb/v6-m/libc.a(lib_a-fflush.o)
                0x0000000008002ba0                __sflush_r
 .text._fflush_r
                0x0000000008002cf0       0x54 /Users/hsiang/.p2/pool/plugins/fr.ac6.mcu.externaltools.arm-none.macos64_1.16.0.201807130628/tools/compiler/bin/../lib/gcc/arm-none-eabi/7.2.1/../../../../arm-none-eabi/lib/thumb/v6-m/libc.a(lib_a-fflush.o)
                0x0000000008002cf0                _fflush_r
 .text.std      0x0000000008002d44       0x50 /Users/hsiang/.p2/pool/plugins/fr.ac6.mcu.externaltools.arm-none.macos64_1.16.0.201807130628/tools/compiler/bin/../lib/gcc/arm-none-eabi/7.2.1/../../../../arm-none-eabi/lib/thumb/v6-m/libc.a(lib_a-findfp.o)
 .text._cleanup_r
                0x0000000008002d94       0x10 /Users/hsiang/.p2/pool/plugins/fr.ac6.mcu.externaltools.arm-none.macos64_1.16.0.201807130628/tools/compiler/bin/../lib/gcc/arm-none-eabi/7.2.1/../../../../arm-none-eabi/lib/thumb/v6-m/libc.a(lib_a-findfp.o)
                0x0000000008002d94                _cleanup_r
 .text.__sinit  0x0000000008002da4       0x60 /Users/hsiang/.p2/pool/plugins/fr.ac6.mcu.externaltools.arm-none.macos64_1.16.0.201807130628/tools/compiler/bin/../lib/gcc/arm-none-eabi/7.2.1/../../../../arm-none-eabi/lib/thumb/v6-m/libc.a(lib_a-findfp.o)
                0x0000000008002da4                __sinit
 .text.__sfp_lock_acquire
                0x0000000008002e04       0x10 /Users/hsiang/.p2/pool/plugins/fr.ac6.mcu.externaltools.arm-none.macos64_1.16.0.201807130628/tools/compiler/bin/../lib/gcc/arm-none-eabi/7.2.1/../../../../arm-none-eabi/lib/thumb/v6-m/libc.a(lib_a-findfp.o)
                0x0000000008002e04                __sfp_lock_acquire
 .text.__sfp_lock_release
                0x0000000008002e14       0x10 /Users/hsiang/.p2/pool/plugins/fr.ac6.mcu.externaltools.arm-none.macos64_1.16.0.201807130628/tools/compiler/bin/../lib/gcc/arm-none-eabi/7.2.1/../../../../arm-none-eabi/lib/thumb/v6-m/libc.a(lib_a-findfp.o)
                0x0000000008002e14                __sfp_lock_release
 .text.__libc_fini_array
                0x0000000008002e24       0x34 /Users/hsiang/.p2/pool/plugins/fr.ac6.mcu.externaltools.arm-none.macos64_1.16.0.201807130628/tools/compiler/bin/../lib/gcc/arm-none-eabi/7.2.1/../../../../arm-none-eabi/lib/thumb/v6-m/libc.a(lib_a-fini.o)
                0x0000000008002e24                __libc_fini_array
 .text.__fputwc
                0x0000000008002e58       0x94 /Users/hsiang/.p2/pool/plugins/fr.ac6.mcu.externaltools.arm-none.macos64_1.16.0.201807130628/tools/compiler/bin/../lib/gcc/arm-none-eabi/7.2.1/../../../../arm-none-eabi/lib/thumb/v6-m/libc.a(lib_a-fputwc.o)
                0x0000000008002e58                __fputwc
 .text._fputwc_r
                0x0000000008002eec       0x5c /Users/hsiang/.p2/pool/plugins/fr.ac6.mcu.externaltools.arm-none.macos64_1.16.0.201807130628/tools/compiler/bin/../lib/gcc/arm-none-eabi/7.2.1/../../../../arm-none-eabi/lib/thumb/v6-m/libc.a(lib_a-fputwc.o)
                0x0000000008002eec                _fputwc_r
 .text._malloc_trim_r
                0x0000000008002f48       0xa0 /Users/hsiang/.p2/pool/plugins/fr.ac6.mcu.externaltools.arm-none.macos64_1.16.0.201807130628/tools/compiler/bin/../lib/gcc/arm-none-eabi/7.2.1/../../../../arm-none-eabi/lib/thumb/v6-m/libc.a(lib_a-freer.o)
                0x0000000008002f48                _malloc_trim_r
 .text._free_r  0x0000000008002fe8      0x1d4 /Users/hsiang/.p2/pool/plugins/fr.ac6.mcu.externaltools.arm-none.macos64_1.16.0.201807130628/tools/compiler/bin/../lib/gcc/arm-none-eabi/7.2.1/../../../../arm-none-eabi/lib/thumb/v6-m/libc.a(lib_a-freer.o)
                0x0000000008002fe8                _free_r
 .text.__sfvwrite_r
                0x00000000080031bc      0x2fc /Users/hsiang/.p2/pool/plugins/fr.ac6.mcu.externaltools.arm-none.macos64_1.16.0.201807130628/tools/compiler/bin/../lib/gcc/arm-none-eabi/7.2.1/../../../../arm-none-eabi/lib/thumb/v6-m/libc.a(lib_a-fvwrite.o)
                0x00000000080031bc                __sfvwrite_r
 .text._fwalk_reent
                0x00000000080034b8       0x4c /Users/hsiang/.p2/pool/plugins/fr.ac6.mcu.externaltools.arm-none.macos64_1.16.0.201807130628/tools/compiler/bin/../lib/gcc/arm-none-eabi/7.2.1/../../../../arm-none-eabi/lib/thumb/v6-m/libc.a(lib_a-fwalk.o)
                0x00000000080034b8                _fwalk_reent
 .text.__locale_mb_cur_max
                0x0000000008003504       0x1c /Users/hsiang/.p2/pool/plugins/fr.ac6.mcu.externaltools.arm-none.macos64_1.16.0.201807130628/tools/compiler/bin/../lib/gcc/arm-none-eabi/7.2.1/../../../../arm-none-eabi/lib/thumb/v6-m/libc.a(lib_a-locale.o)
                0x0000000008003504                __locale_mb_cur_max
 .text.__retarget_lock_init_recursive
                0x0000000008003520        0x4 /Users/hsiang/.p2/pool/plugins/fr.ac6.mcu.externaltools.arm-none.macos64_1.16.0.201807130628/tools/compiler/bin/../lib/gcc/arm-none-eabi/7.2.1/../../../../arm-none-eabi/lib/thumb/v6-m/libc.a(lib_a-lock.o)
                0x0000000008003520                __retarget_lock_init_recursive
 .text.__retarget_lock_close_recursive
                0x0000000008003524        0x4 /Users/hsiang/.p2/pool/plugins/fr.ac6.mcu.externaltools.arm-none.macos64_1.16.0.201807130628/tools/compiler/bin/../lib/gcc/arm-none-eabi/7.2.1/../../../../arm-none-eabi/lib/thumb/v6-m/libc.a(lib_a-lock.o)
                0x0000000008003524                __retarget_lock_close_recursive
 .text.__retarget_lock_acquire_recursive
                0x0000000008003528        0x4 /Users/hsiang/.p2/pool/plugins/fr.ac6.mcu.externaltools.arm-none.macos64_1.16.0.201807130628/tools/compiler/bin/../lib/gcc/arm-none-eabi/7.2.1/../../../../arm-none-eabi/lib/thumb/v6-m/libc.a(lib_a-lock.o)
                0x0000000008003528                __retarget_lock_acquire_recursive
 .text.__retarget_lock_release_recursive
                0x000000000800352c        0x4 /Users/hsiang/.p2/pool/plugins/fr.ac6.mcu.externaltools.arm-none.macos64_1.16.0.201807130628/tools/compiler/bin/../lib/gcc/arm-none-eabi/7.2.1/../../../../arm-none-eabi/lib/thumb/v6-m/libc.a(lib_a-lock.o)
                0x000000000800352c                __retarget_lock_release_recursive
 .text.__swhatbuf_r
                0x0000000008003530       0x60 /Users/hsiang/.p2/pool/plugins/fr.ac6.mcu.externaltools.arm-none.macos64_1.16.0.201807130628/tools/compiler/bin/../lib/gcc/arm-none-eabi/7.2.1/../../../../arm-none-eabi/lib/thumb/v6-m/libc.a(lib_a-makebuf.o)
                0x0000000008003530                __swhatbuf_r
 .text.__smakebuf_r
                0x0000000008003590       0x90 /Users/hsiang/.p2/pool/plugins/fr.ac6.mcu.externaltools.arm-none.macos64_1.16.0.201807130628/tools/compiler/bin/../lib/gcc/arm-none-eabi/7.2.1/../../../../arm-none-eabi/lib/thumb/v6-m/libc.a(lib_a-makebuf.o)
                0x0000000008003590                __smakebuf_r
 .text.__ascii_mbtowc
                0x0000000008003620       0x2c /Users/hsiang/.p2/pool/plugins/fr.ac6.mcu.externaltools.arm-none.macos64_1.16.0.201807130628/tools/compiler/bin/../lib/gcc/arm-none-eabi/7.2.1/../../../../arm-none-eabi/lib/thumb/v6-m/libc.a(lib_a-mbtowc_r.o)
                0x0000000008003620                __ascii_mbtowc
 .text.memchr   0x000000000800364c       0x80 /Users/hsiang/.p2/pool/plugins/fr.ac6.mcu.externaltools.arm-none.macos64_1.16.0.201807130628/tools/compiler/bin/../lib/gcc/arm-none-eabi/7.2.1/../../../../arm-none-eabi/lib/thumb/v6-m/libc.a(lib_a-memchr-stub.o)
                0x000000000800364c                memchr
 .text.memcpy   0x00000000080036cc       0x88 /Users/hsiang/.p2/pool/plugins/fr.ac6.mcu.externaltools.arm-none.macos64_1.16.0.201807130628/tools/compiler/bin/../lib/gcc/arm-none-eabi/7.2.1/../../../../arm-none-eabi/lib/thumb/v6-m/libc.a(lib_a-memcpy-stub.o)
                0x00000000080036cc                memcpy
 .text.memmove  0x0000000008003754       0x9c /Users/hsiang/.p2/pool/plugins/fr.ac6.mcu.externaltools.arm-none.macos64_1.16.0.201807130628/tools/compiler/bin/../lib/gcc/arm-none-eabi/7.2.1/../../../../arm-none-eabi/lib/thumb/v6-m/libc.a(lib_a-memmove.o)
                0x0000000008003754                memmove
 .text._realloc_r
                0x00000000080037f0      0x3b0 /Users/hsiang/.p2/pool/plugins/fr.ac6.mcu.externaltools.arm-none.macos64_1.16.0.201807130628/tools/compiler/bin/../lib/gcc/arm-none-eabi/7.2.1/../../../../arm-none-eabi/lib/thumb/v6-m/libc.a(lib_a-reallocr.o)
                0x00000000080037f0                _realloc_r
 .text._raise_r
                0x0000000008003ba0       0x5c /Users/hsiang/.p2/pool/plugins/fr.ac6.mcu.externaltools.arm-none.macos64_1.16.0.201807130628/tools/compiler/bin/../lib/gcc/arm-none-eabi/7.2.1/../../../../arm-none-eabi/lib/thumb/v6-m/libc.a(lib_a-signal.o)
                0x0000000008003ba0                _raise_r
 .text.raise    0x0000000008003bfc       0x14 /Users/hsiang/.p2/pool/plugins/fr.ac6.mcu.externaltools.arm-none.macos64_1.16.0.201807130628/tools/compiler/bin/../lib/gcc/arm-none-eabi/7.2.1/../../../../arm-none-eabi/lib/thumb/v6-m/libc.a(lib_a-signal.o)
                0x0000000008003bfc                raise
 .text._kill_r  0x0000000008003c10       0x28 /Users/hsiang/.p2/pool/plugins/fr.ac6.mcu.externaltools.arm-none.macos64_1.16.0.201807130628/tools/compiler/bin/../lib/gcc/arm-none-eabi/7.2.1/../../../../arm-none-eabi/lib/thumb/v6-m/libc.a(lib_a-signalr.o)
                0x0000000008003c10                _kill_r
 .text._getpid_r
                0x0000000008003c38        0x8 /Users/hsiang/.p2/pool/plugins/fr.ac6.mcu.externaltools.arm-none.macos64_1.16.0.201807130628/tools/compiler/bin/../lib/gcc/arm-none-eabi/7.2.1/../../../../arm-none-eabi/lib/thumb/v6-m/libc.a(lib_a-signalr.o)
                0x0000000008003c38                _getpid_r
 .text.__sread  0x0000000008003c40       0x28 /Users/hsiang/.p2/pool/plugins/fr.ac6.mcu.externaltools.arm-none.macos64_1.16.0.201807130628/tools/compiler/bin/../lib/gcc/arm-none-eabi/7.2.1/../../../../arm-none-eabi/lib/thumb/v6-m/libc.a(lib_a-stdio.o)
                0x0000000008003c40                __sread
 .text.__swrite
                0x0000000008003c68       0x3c /Users/hsiang/.p2/pool/plugins/fr.ac6.mcu.externaltools.arm-none.macos64_1.16.0.201807130628/tools/compiler/bin/../lib/gcc/arm-none-eabi/7.2.1/../../../../arm-none-eabi/lib/thumb/v6-m/libc.a(lib_a-stdio.o)
                0x0000000008003c68                __swrite
 .text.__sseek  0x0000000008003ca4       0x2c /Users/hsiang/.p2/pool/plugins/fr.ac6.mcu.externaltools.arm-none.macos64_1.16.0.201807130628/tools/compiler/bin/../lib/gcc/arm-none-eabi/7.2.1/../../../../arm-none-eabi/lib/thumb/v6-m/libc.a(lib_a-stdio.o)
                0x0000000008003ca4                __sseek
 .text.__sclose
                0x0000000008003cd0        0xc /Users/hsiang/.p2/pool/plugins/fr.ac6.mcu.externaltools.arm-none.macos64_1.16.0.201807130628/tools/compiler/bin/../lib/gcc/arm-none-eabi/7.2.1/../../../../arm-none-eabi/lib/thumb/v6-m/libc.a(lib_a-stdio.o)
                0x0000000008003cd0                __sclose
 .text.strlen   0x0000000008003cdc       0x64 /Users/hsiang/.p2/pool/plugins/fr.ac6.mcu.externaltools.arm-none.macos64_1.16.0.201807130628/tools/compiler/bin/../lib/gcc/arm-none-eabi/7.2.1/../../../../arm-none-eabi/lib/thumb/v6-m/libc.a(lib_a-strlen-stub.o)
                0x0000000008003cdc                strlen
 .text.__swbuf_r
                0x0000000008003d40       0xc8 /Users/hsiang/.p2/pool/plugins/fr.ac6.mcu.externaltools.arm-none.macos64_1.16.0.201807130628/tools/compiler/bin/../lib/gcc/arm-none-eabi/7.2.1/../../../../arm-none-eabi/lib/thumb/v6-m/libc.a(lib_a-wbuf.o)
                0x0000000008003d40                __swbuf_r
 .text._wcrtomb_r
                0x0000000008003e08       0x58 /Users/hsiang/.p2/pool/plugins/fr.ac6.mcu.externaltools.arm-none.macos64_1.16.0.201807130628/tools/compiler/bin/../lib/gcc/arm-none-eabi/7.2.1/../../../../arm-none-eabi/lib/thumb/v6-m/libc.a(lib_a-wcrtomb.o)
                0x0000000008003e08                _wcrtomb_r
 .text.__ascii_wctomb
                0x0000000008003e60       0x1c /Users/hsiang/.p2/pool/plugins/fr.ac6.mcu.externaltools.arm-none.macos64_1.16.0.201807130628/tools/compiler/bin/../lib/gcc/arm-none-eabi/7.2.1/../../../../arm-none-eabi/lib/thumb/v6-m/libc.a(lib_a-wctomb_r.o)
                0x0000000008003e60                __ascii_wctomb
 .text._write_r
                0x0000000008003e7c       0x28 /Users/hsiang/.p2/pool/plugins/fr.ac6.mcu.externaltools.arm-none.macos64_1.16.0.201807130628/tools/compiler/bin/../lib/gcc/arm-none-eabi/7.2.1/../../../../arm-none-eabi/lib/thumb/v6-m/libc.a(lib_a-writer.o)
                0x0000000008003e7c                _write_r
 .text.__register_exitproc
                0x0000000008003ea4       0xf4 /Users/hsiang/.p2/pool/plugins/fr.ac6.mcu.externaltools.arm-none.macos64_1.16.0.201807130628/tools/compiler/bin/../lib/gcc/arm-none-eabi/7.2.1/../../../../arm-none-eabi/lib/thumb/v6-m/libc.a(lib_a-__atexit.o)
                0x0000000008003ea4                __register_exitproc
 .text._close_r
                0x0000000008003f98       0x24 /Users/hsiang/.p2/pool/plugins/fr.ac6.mcu.externaltools.arm-none.macos64_1.16.0.201807130628/tools/compiler/bin/../lib/gcc/arm-none-eabi/7.2.1/../../../../arm-none-eabi/lib/thumb/v6-m/libc.a(lib_a-closer.o)
                0x0000000008003f98                _close_r
 .text._fclose_r
                0x0000000008003fbc       0xd8 /Users/hsiang/.p2/pool/plugins/fr.ac6.mcu.externaltools.arm-none.macos64_1.16.0.201807130628/tools/compiler/bin/../lib/gcc/arm-none-eabi/7.2.1/../../../../arm-none-eabi/lib/thumb/v6-m/libc.a(lib_a-fclose.o)
                0x0000000008003fbc                _fclose_r
 .text._fstat_r
                0x0000000008004094       0x28 /Users/hsiang/.p2/pool/plugins/fr.ac6.mcu.externaltools.arm-none.macos64_1.16.0.201807130628/tools/compiler/bin/../lib/gcc/arm-none-eabi/7.2.1/../../../../arm-none-eabi/lib/thumb/v6-m/libc.a(lib_a-fstatr.o)
                0x0000000008004094                _fstat_r
 .text._isatty_r
                0x00000000080040bc       0x24 /Users/hsiang/.p2/pool/plugins/fr.ac6.mcu.externaltools.arm-none.macos64_1.16.0.201807130628/tools/compiler/bin/../lib/gcc/arm-none-eabi/7.2.1/../../../../arm-none-eabi/lib/thumb/v6-m/libc.a(lib_a-isattyr.o)
                0x00000000080040bc                _isatty_r
 .text._lseek_r
                0x00000000080040e0       0x28 /Users/hsiang/.p2/pool/plugins/fr.ac6.mcu.externaltools.arm-none.macos64_1.16.0.201807130628/tools/compiler/bin/../lib/gcc/arm-none-eabi/7.2.1/../../../../arm-none-eabi/lib/thumb/v6-m/libc.a(lib_a-lseekr.o)
                0x00000000080040e0                _lseek_r
 .text._read_r  0x0000000008004108       0x28 /Users/hsiang/.p2/pool/plugins/fr.ac6.mcu.externaltools.arm-none.macos64_1.16.0.201807130628/tools/compiler/bin/../lib/gcc/arm-none-eabi/7.2.1/../../../../arm-none-eabi/lib/thumb/v6-m/libc.a(lib_a-readr.o)
                0x0000000008004108                _read_r
 *(.rodata)
 .rodata        0x0000000008004130       0x5b src/block.o
 *(.rodata*)
 *fill*         0x000000000800418b        0x1 
 .rodata.__assert_func.str1.4
                0x000000000800418c       0x3f /Users/hsiang/.p2/pool/plugins/fr.ac6.mcu.externaltools.arm-none.macos64_1.16.0.201807130628/tools/compiler/bin/../lib/gcc/arm-none-eabi/7.2.1/../../../../arm-none-eabi/lib/thumb/v6-m/libc.a(lib_a-assert.o)
                                         0x43 (size before relaxing)
 *fill*         0x00000000080041cb        0x1 
 .rodata._global_impure_ptr
                0x00000000080041cc        0x4 /Users/hsiang/.p2/pool/plugins/fr.ac6.mcu.externaltools.arm-none.macos64_1.16.0.201807130628/tools/compiler/bin/../lib/gcc/arm-none-eabi/7.2.1/../../../../arm-none-eabi/lib/thumb/v6-m/libc.a(lib_a-impure.o)
                0x00000000080041cc                _global_impure_ptr
 .rodata._vfiprintf_r
                0x00000000080041d0      0x164 /Users/hsiang/.p2/pool/plugins/fr.ac6.mcu.externaltools.arm-none.macos64_1.16.0.201807130628/tools/compiler/bin/../lib/gcc/arm-none-eabi/7.2.1/../../../../arm-none-eabi/lib/thumb/v6-m/libc.a(lib_a-vfiprintf.o)
 .rodata._vfiprintf_r.str1.4
                0x0000000008004334       0x2f /Users/hsiang/.p2/pool/plugins/fr.ac6.mcu.externaltools.arm-none.macos64_1.16.0.201807130628/tools/compiler/bin/../lib/gcc/arm-none-eabi/7.2.1/../../../../arm-none-eabi/lib/thumb/v6-m/libc.a(lib_a-vfiprintf.o)
 *fill*         0x0000000008004363        0x1 
 .rodata.blanks.7270
                0x0000000008004364       0x10 /Users/hsiang/.p2/pool/plugins/fr.ac6.mcu.externaltools.arm-none.macos64_1.16.0.201807130628/tools/compiler/bin/../lib/gcc/arm-none-eabi/7.2.1/../../../../arm-none-eabi/lib/thumb/v6-m/libc.a(lib_a-vfiprintf.o)
 .rodata.zeroes.7271
                0x0000000008004374       0x10 /Users/hsiang/.p2/pool/plugins/fr.ac6.mcu.externaltools.arm-none.macos64_1.16.0.201807130628/tools/compiler/bin/../lib/gcc/arm-none-eabi/7.2.1/../../../../arm-none-eabi/lib/thumb/v6-m/libc.a(lib_a-vfiprintf.o)
 .rodata._setlocale_r.str1.4
                0x0000000008004384        0xa /Users/hsiang/.p2/pool/plugins/fr.ac6.mcu.externaltools.arm-none.macos64_1.16.0.201807130628/tools/compiler/bin/../lib/gcc/arm-none-eabi/7.2.1/../../../../arm-none-eabi/lib/thumb/v6-m/libc.a(lib_a-locale.o)
                                          0xd (size before relaxing)
 *fill*         0x000000000800438e        0x2 
 .rodata.str1.4
                0x0000000008004390        0x4 /Users/hsiang/.p2/pool/plugins/fr.ac6.mcu.externaltools.arm-none.macos64_1.16.0.201807130628/tools/compiler/bin/../lib/gcc/arm-none-eabi/7.2.1/../../../../arm-none-eabi/lib/thumb/v6-m/libc.a(lib_a-locale.o)
                                          0x2 (size before relaxing)
 .rodata._ctype_
                0x0000000008004394      0x101 /Users/hsiang/.p2/pool/plugins/fr.ac6.mcu.externaltools.arm-none.macos64_1.16.0.201807130628/tools/compiler/bin/../lib/gcc/arm-none-eabi/7.2.1/../../../../arm-none-eabi/lib/thumb/v6-m/libc.a(lib_a-ctype_.o)
                0x0000000008004394                _ctype_
 *(.glue_7)
 .glue_7        0x0000000008004495        0x0 linker stubs
 *(.glue_7t)
 .glue_7t       0x0000000008004495        0x0 linker stubs
 *(.eh_frame)
 *fill*         0x0000000008004495        0x3 
 .eh_frame      0x0000000008004498        0x0 /Users/hsiang/.p2/pool/plugins/fr.ac6.mcu.externaltools.arm-none.macos64_1.16.0.201807130628/tools/compiler/bin/../lib/gcc/arm-none-eabi/7.2.1/thumb/v6-m/crtbegin.o
 *(.init)
 .init          0x0000000008004498        0x4 /Users/hsiang/.p2/pool/plugins/fr.ac6.mcu.externaltools.arm-none.macos64_1.16.0.201807130628/tools/compiler/bin/../lib/gcc/arm-none-eabi/7.2.1/thumb/v6-m/crti.o
                0x0000000008004498                _init
 .init          0x000000000800449c        0x8 /Users/hsiang/.p2/pool/plugins/fr.ac6.mcu.externaltools.arm-none.macos64_1.16.0.201807130628/tools/compiler/bin/../lib/gcc/arm-none-eabi/7.2.1/thumb/v6-m/crtn.o
 *(.fini)
 .fini          0x00000000080044a4        0x4 /Users/hsiang/.p2/pool/plugins/fr.ac6.mcu.externaltools.arm-none.macos64_1.16.0.201807130628/tools/compiler/bin/../lib/gcc/arm-none-eabi/7.2.1/thumb/v6-m/crti.o
                0x00000000080044a4                _fini
 .fini          0x00000000080044a8        0x8 /Users/hsiang/.p2/pool/plugins/fr.ac6.mcu.externaltools.arm-none.macos64_1.16.0.201807130628/tools/compiler/bin/../lib/gcc/arm-none-eabi/7.2.1/thumb/v6-m/crtn.o
                0x00000000080044b0                . = ALIGN (0x4)
                0x00000000080044b0                _etext = .

.vfp11_veneer   0x00000000080044b0        0x0
 .vfp11_veneer  0x00000000080044b0        0x0 linker stubs

.v4_bx          0x00000000080044b0        0x0
 .v4_bx         0x00000000080044b0        0x0 linker stubs

.iplt           0x00000000080044b0        0x0
 .iplt          0x00000000080044b0        0x0 /Users/hsiang/.p2/pool/plugins/fr.ac6.mcu.externaltools.arm-none.macos64_1.16.0.201807130628/tools/compiler/bin/../lib/gcc/arm-none-eabi/7.2.1/thumb/v6-m/crtbegin.o

.ARM.extab
 *(.ARM.extab* .gnu.linkonce.armextab.*)

.ARM            0x00000000080044b0        0x8
                0x00000000080044b0                __exidx_start = .
 *(.ARM.exidx*)
 .ARM.exidx     0x00000000080044b0        0x8 /Users/hsiang/.p2/pool/plugins/fr.ac6.mcu.externaltools.arm-none.macos64_1.16.0.201807130628/tools/compiler/bin/../lib/gcc/arm-none-eabi/7.2.1/thumb/v6-m/libgcc.a(_udivmoddi4.o)
                0x00000000080044b8                __exidx_end = .

.rel.dyn        0x00000000080044b8        0x0
 .rel.iplt      0x00000000080044b8        0x0 /Users/hsiang/.p2/pool/plugins/fr.ac6.mcu.externaltools.arm-none.macos64_1.16.0.201807130628/tools/compiler/bin/../lib/gcc/arm-none-eabi/7.2.1/thumb/v6-m/crtbegin.o

.preinit_array  0x00000000080044b8        0x0
                0x00000000080044b8                PROVIDE (__preinit_array_start, .)
 *(.preinit_array*)
                0x00000000080044b8                PROVIDE (__preinit_array_end, .)

.init_array     0x00000000080044b8        0x8
                0x00000000080044b8                PROVIDE (__init_array_start, .)
 *(SORT_BY_NAME(.init_array.*))
 .init_array.00000
                0x00000000080044b8        0x4 /Users/hsiang/.p2/pool/plugins/fr.ac6.mcu.externaltools.arm-none.macos64_1.16.0.201807130628/tools/compiler/bin/../lib/gcc/arm-none-eabi/7.2.1/../../../../arm-none-eabi/lib/thumb/v6-m/libc.a(lib_a-__call_atexit.o)
 *(.init_array*)
 .init_array    0x00000000080044bc        0x4 /Users/hsiang/.p2/pool/plugins/fr.ac6.mcu.externaltools.arm-none.macos64_1.16.0.201807130628/tools/compiler/bin/../lib/gcc/arm-none-eabi/7.2.1/thumb/v6-m/crtbegin.o
                0x00000000080044c0                PROVIDE (__init_array_end, .)

.fini_array     0x00000000080044c0        0x4
                0x00000000080044c0                PROVIDE (__fini_array_start, .)
 *(SORT_BY_NAME(.fini_array.*))
 *(.fini_array*)
 .fini_array    0x00000000080044c0        0x4 /Users/hsiang/.p2/pool/plugins/fr.ac6.mcu.externaltools.arm-none.macos64_1.16.0.201807130628/tools/compiler/bin/../lib/gcc/arm-none-eabi/7.2.1/thumb/v6-m/crtbegin.o
                0x00000000080044c4                PROVIDE (__fini_array_end, .)
                0x00000000080044c4                _sidata = LOADADDR (.data)

.data           0x0000000020000000      0x9b0 load address 0x00000000080044c4
                0x0000000020000000                . = ALIGN (0x4)
                0x0000000020000000                _sdata = .
 *(.data)
 *(.data*)
 .data._impure_ptr
                0x0000000020000000        0x4 /Users/hsiang/.p2/pool/plugins/fr.ac6.mcu.externaltools.arm-none.macos64_1.16.0.201807130628/tools/compiler/bin/../lib/gcc/arm-none-eabi/7.2.1/../../../../arm-none-eabi/lib/thumb/v6-m/libc.a(lib_a-impure.o)
                0x0000000020000000                _impure_ptr
 *fill*         0x0000000020000004        0x4 
 .data.impure_data
                0x0000000020000008      0x428 /Users/hsiang/.p2/pool/plugins/fr.ac6.mcu.externaltools.arm-none.macos64_1.16.0.201807130628/tools/compiler/bin/../lib/gcc/arm-none-eabi/7.2.1/../../../../arm-none-eabi/lib/thumb/v6-m/libc.a(lib_a-impure.o)
 .data.__malloc_av_
                0x0000000020000430      0x408 /Users/hsiang/.p2/pool/plugins/fr.ac6.mcu.externaltools.arm-none.macos64_1.16.0.201807130628/tools/compiler/bin/../lib/gcc/arm-none-eabi/7.2.1/../../../../arm-none-eabi/lib/thumb/v6-m/libc.a(lib_a-mallocr.o)
                0x0000000020000430                __malloc_av_
 .data.__malloc_sbrk_base
                0x0000000020000838        0x4 /Users/hsiang/.p2/pool/plugins/fr.ac6.mcu.externaltools.arm-none.macos64_1.16.0.201807130628/tools/compiler/bin/../lib/gcc/arm-none-eabi/7.2.1/../../../../arm-none-eabi/lib/thumb/v6-m/libc.a(lib_a-mallocr.o)
                0x0000000020000838                __malloc_sbrk_base
 .data.__malloc_trim_threshold
                0x000000002000083c        0x4 /Users/hsiang/.p2/pool/plugins/fr.ac6.mcu.externaltools.arm-none.macos64_1.16.0.201807130628/tools/compiler/bin/../lib/gcc/arm-none-eabi/7.2.1/../../../../arm-none-eabi/lib/thumb/v6-m/libc.a(lib_a-mallocr.o)
                0x000000002000083c                __malloc_trim_threshold
 .data.__atexit_recursive_mutex
                0x0000000020000840        0x4 /Users/hsiang/.p2/pool/plugins/fr.ac6.mcu.externaltools.arm-none.macos64_1.16.0.201807130628/tools/compiler/bin/../lib/gcc/arm-none-eabi/7.2.1/../../../../arm-none-eabi/lib/thumb/v6-m/libc.a(lib_a-__call_atexit.o)
                0x0000000020000840                __atexit_recursive_mutex
 .data.__global_locale
                0x0000000020000844      0x16c /Users/hsiang/.p2/pool/plugins/fr.ac6.mcu.externaltools.arm-none.macos64_1.16.0.201807130628/tools/compiler/bin/../lib/gcc/arm-none-eabi/7.2.1/../../../../arm-none-eabi/lib/thumb/v6-m/libc.a(lib_a-locale.o)
                0x0000000020000844                __global_locale
                0x00000000200009b0                . = ALIGN (0x4)
                0x00000000200009b0                _edata = .

.igot.plt       0x00000000200009b0        0x0 load address 0x0000000008004e74
 .igot.plt      0x00000000200009b0        0x0 /Users/hsiang/.p2/pool/plugins/fr.ac6.mcu.externaltools.arm-none.macos64_1.16.0.201807130628/tools/compiler/bin/../lib/gcc/arm-none-eabi/7.2.1/thumb/v6-m/crtbegin.o
                0x00000000200009b0                . = ALIGN (0x4)

.bss            0x00000000200009b0       0x80 load address 0x0000000008004e74
                0x00000000200009b0                _sbss = .
                0x00000000200009b0                __bss_start__ = _sbss
 *(.bss)
 .bss           0x00000000200009b0       0x1c /Users/hsiang/.p2/pool/plugins/fr.ac6.mcu.externaltools.arm-none.macos64_1.16.0.201807130628/tools/compiler/bin/../lib/gcc/arm-none-eabi/7.2.1/thumb/v6-m/crtbegin.o
 .bss           0x00000000200009cc        0x8 src/syscalls.o
                0x00000000200009cc                __env
 *(.bss*)
 .bss.__malloc_current_mallinfo
                0x00000000200009d4       0x28 /Users/hsiang/.p2/pool/plugins/fr.ac6.mcu.externaltools.arm-none.macos64_1.16.0.201807130628/tools/compiler/bin/../lib/gcc/arm-none-eabi/7.2.1/../../../../arm-none-eabi/lib/thumb/v6-m/libc.a(lib_a-mallocr.o)
                0x00000000200009d4                __malloc_current_mallinfo
 .bss.__malloc_max_sbrked_mem
                0x00000000200009fc        0x4 /Users/hsiang/.p2/pool/plugins/fr.ac6.mcu.externaltools.arm-none.macos64_1.16.0.201807130628/tools/compiler/bin/../lib/gcc/arm-none-eabi/7.2.1/../../../../arm-none-eabi/lib/thumb/v6-m/libc.a(lib_a-mallocr.o)
                0x00000000200009fc                __malloc_max_sbrked_mem
 .bss.__malloc_max_total_mem
                0x0000000020000a00        0x4 /Users/hsiang/.p2/pool/plugins/fr.ac6.mcu.externaltools.arm-none.macos64_1.16.0.201807130628/tools/compiler/bin/../lib/gcc/arm-none-eabi/7.2.1/../../../../arm-none-eabi/lib/thumb/v6-m/libc.a(lib_a-mallocr.o)
                0x0000000020000a00                __malloc_max_total_mem
 .bss.__malloc_top_pad
                0x0000000020000a04        0x4 /Users/hsiang/.p2/pool/plugins/fr.ac6.mcu.externaltools.arm-none.macos64_1.16.0.201807130628/tools/compiler/bin/../lib/gcc/arm-none-eabi/7.2.1/../../../../arm-none-eabi/lib/thumb/v6-m/libc.a(lib_a-mallocr.o)
                0x0000000020000a04                __malloc_top_pad
 *(COMMON)
 COMMON         0x0000000020000a08       0x21 /Users/hsiang/.p2/pool/plugins/fr.ac6.mcu.externaltools.arm-none.macos64_1.16.0.201807130628/tools/compiler/bin/../lib/gcc/arm-none-eabi/7.2.1/../../../../arm-none-eabi/lib/thumb/v6-m/libc.a(lib_a-lock.o)
                0x0000000020000a08                __lock___atexit_recursive_mutex
                0x0000000020000a0c                __lock___arc4random_mutex
                0x0000000020000a10                __lock___env_recursive_mutex
                0x0000000020000a14                __lock___sinit_recursive_mutex
                0x0000000020000a18                __lock___malloc_recursive_mutex
                0x0000000020000a1c                __lock___at_quick_exit_mutex
                0x0000000020000a20                __lock___dd_hash_mutex
                0x0000000020000a24                __lock___tz_mutex
                0x0000000020000a28                __lock___sfp_recursive_mutex
 *fill*         0x0000000020000a29        0x3 
 COMMON         0x0000000020000a2c        0x4 /Users/hsiang/.p2/pool/plugins/fr.ac6.mcu.externaltools.arm-none.macos64_1.16.0.201807130628/tools/compiler/bin/../lib/gcc/arm-none-eabi/7.2.1/../../../../arm-none-eabi/lib/thumb/v6-m/libc.a(lib_a-reent.o)
                0x0000000020000a2c                errno
                0x0000000020000a30                . = ALIGN (0x4)
                0x0000000020000a30                _ebss = .
                0x0000000020000a30                __bss_end__ = _ebss

._user_heap_stack
                0x0000000020000a30       0x80 load address 0x0000000008004e74
                0x0000000020000a30                . = ALIGN (0x8)
                0x0000000020000a30                PROVIDE (end, .)
                [!provide]                        PROVIDE (_end, .)
                0x0000000020000a30                . = (. + _Min_Heap_Size)
                0x0000000020000ab0                . = (. + _Min_Stack_Size)
 *fill*         0x0000000020000a30       0x80 
                0x0000000020000ab0                . = ALIGN (0x8)

.ARM.attributes
                0x0000000000000000       0x28
 *(.ARM.attributes)
 .ARM.attributes
                0x0000000000000000       0x1e /Users/hsiang/.p2/pool/plugins/fr.ac6.mcu.externaltools.arm-none.macos64_1.16.0.201807130628/tools/compiler/bin/../lib/gcc/arm-none-eabi/7.2.1/thumb/v6-m/crti.o
 .ARM.attributes
                0x000000000000001e       0x2c /Users/hsiang/.p2/pool/plugins/fr.ac6.mcu.externaltools.arm-none.macos64_1.16.0.201807130628/tools/compiler/bin/../lib/gcc/arm-none-eabi/7.2.1/thumb/v6-m/crtbegin.o
 .ARM.attributes
                0x000000000000004a       0x31 src/block.o
 .ARM.attributes
                0x000000000000007b       0x31 src/main.o
 .ARM.attributes
                0x00000000000000ac       0x31 src/potentiometer.o
 .ARM.attributes
                0x00000000000000dd       0x31 src/syscalls.o
 .ARM.attributes
                0x000000000000010e       0x31 src/system_stm32f0xx.o
 .ARM.attributes
                0x000000000000013f       0x21 startup/startup_stm32f0xx.o
 .ARM.attributes
                0x0000000000000160       0x1e /Users/hsiang/.p2/pool/plugins/fr.ac6.mcu.externaltools.arm-none.macos64_1.16.0.201807130628/tools/compiler/bin/../lib/gcc/arm-none-eabi/7.2.1/thumb/v6-m/libgcc.a(_udivsi3.o)
 .ARM.attributes
                0x000000000000017e       0x1e /Users/hsiang/.p2/pool/plugins/fr.ac6.mcu.externaltools.arm-none.macos64_1.16.0.201807130628/tools/compiler/bin/../lib/gcc/arm-none-eabi/7.2.1/thumb/v6-m/libgcc.a(_divsi3.o)
 .ARM.attributes
                0x000000000000019c       0x1e /Users/hsiang/.p2/pool/plugins/fr.ac6.mcu.externaltools.arm-none.macos64_1.16.0.201807130628/tools/compiler/bin/../lib/gcc/arm-none-eabi/7.2.1/thumb/v6-m/libgcc.a(_dvmd_tls.o)
 .ARM.attributes
                0x00000000000001ba       0x2c /Users/hsiang/.p2/pool/plugins/fr.ac6.mcu.externaltools.arm-none.macos64_1.16.0.201807130628/tools/compiler/bin/../lib/gcc/arm-none-eabi/7.2.1/../../../../arm-none-eabi/lib/thumb/v6-m/libc.a(lib_a-assert.o)
 .ARM.attributes
                0x00000000000001e6       0x2c /Users/hsiang/.p2/pool/plugins/fr.ac6.mcu.externaltools.arm-none.macos64_1.16.0.201807130628/tools/compiler/bin/../lib/gcc/arm-none-eabi/7.2.1/../../../../arm-none-eabi/lib/thumb/v6-m/libc.a(lib_a-errno.o)
 .ARM.attributes
                0x0000000000000212       0x2c /Users/hsiang/.p2/pool/plugins/fr.ac6.mcu.externaltools.arm-none.macos64_1.16.0.201807130628/tools/compiler/bin/../lib/gcc/arm-none-eabi/7.2.1/../../../../arm-none-eabi/lib/thumb/v6-m/libc.a(lib_a-fiprintf.o)
 .ARM.attributes
                0x000000000000023e       0x2c /Users/hsiang/.p2/pool/plugins/fr.ac6.mcu.externaltools.arm-none.macos64_1.16.0.201807130628/tools/compiler/bin/../lib/gcc/arm-none-eabi/7.2.1/../../../../arm-none-eabi/lib/thumb/v6-m/libc.a(lib_a-impure.o)
 .ARM.attributes
                0x000000000000026a       0x2c /Users/hsiang/.p2/pool/plugins/fr.ac6.mcu.externaltools.arm-none.macos64_1.16.0.201807130628/tools/compiler/bin/../lib/gcc/arm-none-eabi/7.2.1/../../../../arm-none-eabi/lib/thumb/v6-m/libc.a(lib_a-init.o)
 .ARM.attributes
                0x0000000000000296       0x2c /Users/hsiang/.p2/pool/plugins/fr.ac6.mcu.externaltools.arm-none.macos64_1.16.0.201807130628/tools/compiler/bin/../lib/gcc/arm-none-eabi/7.2.1/../../../../arm-none-eabi/lib/thumb/v6-m/libc.a(lib_a-malloc.o)
 .ARM.attributes
                0x00000000000002c2       0x2c /Users/hsiang/.p2/pool/plugins/fr.ac6.mcu.externaltools.arm-none.macos64_1.16.0.201807130628/tools/compiler/bin/../lib/gcc/arm-none-eabi/7.2.1/../../../../arm-none-eabi/lib/thumb/v6-m/libc.a(lib_a-mallocr.o)
 .ARM.attributes
                0x00000000000002ee       0x2c /Users/hsiang/.p2/pool/plugins/fr.ac6.mcu.externaltools.arm-none.macos64_1.16.0.201807130628/tools/compiler/bin/../lib/gcc/arm-none-eabi/7.2.1/../../../../arm-none-eabi/lib/thumb/v6-m/libc.a(lib_a-memset.o)
 .ARM.attributes
                0x000000000000031a       0x2c /Users/hsiang/.p2/pool/plugins/fr.ac6.mcu.externaltools.arm-none.macos64_1.16.0.201807130628/tools/compiler/bin/../lib/gcc/arm-none-eabi/7.2.1/../../../../arm-none-eabi/lib/thumb/v6-m/libc.a(lib_a-mlock.o)
 .ARM.attributes
                0x0000000000000346       0x2c /Users/hsiang/.p2/pool/plugins/fr.ac6.mcu.externaltools.arm-none.macos64_1.16.0.201807130628/tools/compiler/bin/../lib/gcc/arm-none-eabi/7.2.1/../../../../arm-none-eabi/lib/thumb/v6-m/libc.a(lib_a-sbrkr.o)
 .ARM.attributes
                0x0000000000000372       0x2c /Users/hsiang/.p2/pool/plugins/fr.ac6.mcu.externaltools.arm-none.macos64_1.16.0.201807130628/tools/compiler/bin/../lib/gcc/arm-none-eabi/7.2.1/../../../../arm-none-eabi/lib/thumb/v6-m/libc.a(lib_a-vfiprintf.o)
 .ARM.attributes
                0x000000000000039e       0x2c /Users/hsiang/.p2/pool/plugins/fr.ac6.mcu.externaltools.arm-none.macos64_1.16.0.201807130628/tools/compiler/bin/../lib/gcc/arm-none-eabi/7.2.1/../../../../arm-none-eabi/lib/thumb/v6-m/libc.a(lib_a-wsetup.o)
 .ARM.attributes
                0x00000000000003ca       0x2c /Users/hsiang/.p2/pool/plugins/fr.ac6.mcu.externaltools.arm-none.macos64_1.16.0.201807130628/tools/compiler/bin/../lib/gcc/arm-none-eabi/7.2.1/../../../../arm-none-eabi/lib/thumb/v6-m/libc.a(lib_a-__call_atexit.o)
 .ARM.attributes
                0x00000000000003f6       0x2c /Users/hsiang/.p2/pool/plugins/fr.ac6.mcu.externaltools.arm-none.macos64_1.16.0.201807130628/tools/compiler/bin/../lib/gcc/arm-none-eabi/7.2.1/../../../../arm-none-eabi/lib/thumb/v6-m/libc.a(lib_a-abort.o)
 .ARM.attributes
                0x0000000000000422       0x2c /Users/hsiang/.p2/pool/plugins/fr.ac6.mcu.externaltools.arm-none.macos64_1.16.0.201807130628/tools/compiler/bin/../lib/gcc/arm-none-eabi/7.2.1/../../../../arm-none-eabi/lib/thumb/v6-m/libc.a(lib_a-atexit.o)
 .ARM.attributes
                0x000000000000044e       0x2c /Users/hsiang/.p2/pool/plugins/fr.ac6.mcu.externaltools.arm-none.macos64_1.16.0.201807130628/tools/compiler/bin/../lib/gcc/arm-none-eabi/7.2.1/../../../../arm-none-eabi/lib/thumb/v6-m/libc.a(lib_a-fflush.o)
 .ARM.attributes
                0x000000000000047a       0x2c /Users/hsiang/.p2/pool/plugins/fr.ac6.mcu.externaltools.arm-none.macos64_1.16.0.201807130628/tools/compiler/bin/../lib/gcc/arm-none-eabi/7.2.1/../../../../arm-none-eabi/lib/thumb/v6-m/libc.a(lib_a-findfp.o)
 .ARM.attributes
                0x00000000000004a6       0x2c /Users/hsiang/.p2/pool/plugins/fr.ac6.mcu.externaltools.arm-none.macos64_1.16.0.201807130628/tools/compiler/bin/../lib/gcc/arm-none-eabi/7.2.1/../../../../arm-none-eabi/lib/thumb/v6-m/libc.a(lib_a-fini.o)
 .ARM.attributes
                0x00000000000004d2       0x2c /Users/hsiang/.p2/pool/plugins/fr.ac6.mcu.externaltools.arm-none.macos64_1.16.0.201807130628/tools/compiler/bin/../lib/gcc/arm-none-eabi/7.2.1/../../../../arm-none-eabi/lib/thumb/v6-m/libc.a(lib_a-fputwc.o)
 .ARM.attributes
                0x00000000000004fe       0x2c /Users/hsiang/.p2/pool/plugins/fr.ac6.mcu.externaltools.arm-none.macos64_1.16.0.201807130628/tools/compiler/bin/../lib/gcc/arm-none-eabi/7.2.1/../../../../arm-none-eabi/lib/thumb/v6-m/libc.a(lib_a-freer.o)
 .ARM.attributes
                0x000000000000052a       0x2c /Users/hsiang/.p2/pool/plugins/fr.ac6.mcu.externaltools.arm-none.macos64_1.16.0.201807130628/tools/compiler/bin/../lib/gcc/arm-none-eabi/7.2.1/../../../../arm-none-eabi/lib/thumb/v6-m/libc.a(lib_a-fvwrite.o)
 .ARM.attributes
                0x0000000000000556       0x2c /Users/hsiang/.p2/pool/plugins/fr.ac6.mcu.externaltools.arm-none.macos64_1.16.0.201807130628/tools/compiler/bin/../lib/gcc/arm-none-eabi/7.2.1/../../../../arm-none-eabi/lib/thumb/v6-m/libc.a(lib_a-fwalk.o)
 .ARM.attributes
                0x0000000000000582       0x2c /Users/hsiang/.p2/pool/plugins/fr.ac6.mcu.externaltools.arm-none.macos64_1.16.0.201807130628/tools/compiler/bin/../lib/gcc/arm-none-eabi/7.2.1/../../../../arm-none-eabi/lib/thumb/v6-m/libc.a(lib_a-locale.o)
 .ARM.attributes
                0x00000000000005ae       0x2c /Users/hsiang/.p2/pool/plugins/fr.ac6.mcu.externaltools.arm-none.macos64_1.16.0.201807130628/tools/compiler/bin/../lib/gcc/arm-none-eabi/7.2.1/../../../../arm-none-eabi/lib/thumb/v6-m/libc.a(lib_a-lock.o)
 .ARM.attributes
                0x00000000000005da       0x2c /Users/hsiang/.p2/pool/plugins/fr.ac6.mcu.externaltools.arm-none.macos64_1.16.0.201807130628/tools/compiler/bin/../lib/gcc/arm-none-eabi/7.2.1/../../../../arm-none-eabi/lib/thumb/v6-m/libc.a(lib_a-makebuf.o)
 .ARM.attributes
                0x0000000000000606       0x2c /Users/hsiang/.p2/pool/plugins/fr.ac6.mcu.externaltools.arm-none.macos64_1.16.0.201807130628/tools/compiler/bin/../lib/gcc/arm-none-eabi/7.2.1/../../../../arm-none-eabi/lib/thumb/v6-m/libc.a(lib_a-mbtowc_r.o)
 .ARM.attributes
                0x0000000000000632       0x2c /Users/hsiang/.p2/pool/plugins/fr.ac6.mcu.externaltools.arm-none.macos64_1.16.0.201807130628/tools/compiler/bin/../lib/gcc/arm-none-eabi/7.2.1/../../../../arm-none-eabi/lib/thumb/v6-m/libc.a(lib_a-memchr-stub.o)
 .ARM.attributes
                0x000000000000065e       0x2c /Users/hsiang/.p2/pool/plugins/fr.ac6.mcu.externaltools.arm-none.macos64_1.16.0.201807130628/tools/compiler/bin/../lib/gcc/arm-none-eabi/7.2.1/../../../../arm-none-eabi/lib/thumb/v6-m/libc.a(lib_a-memcpy-stub.o)
 .ARM.attributes
                0x000000000000068a       0x2c /Users/hsiang/.p2/pool/plugins/fr.ac6.mcu.externaltools.arm-none.macos64_1.16.0.201807130628/tools/compiler/bin/../lib/gcc/arm-none-eabi/7.2.1/../../../../arm-none-eabi/lib/thumb/v6-m/libc.a(lib_a-memmove.o)
 .ARM.attributes
                0x00000000000006b6       0x2c /Users/hsiang/.p2/pool/plugins/fr.ac6.mcu.externaltools.arm-none.macos64_1.16.0.201807130628/tools/compiler/bin/../lib/gcc/arm-none-eabi/7.2.1/../../../../arm-none-eabi/lib/thumb/v6-m/libc.a(lib_a-reallocr.o)
 .ARM.attributes
                0x00000000000006e2       0x2c /Users/hsiang/.p2/pool/plugins/fr.ac6.mcu.externaltools.arm-none.macos64_1.16.0.201807130628/tools/compiler/bin/../lib/gcc/arm-none-eabi/7.2.1/../../../../arm-none-eabi/lib/thumb/v6-m/libc.a(lib_a-reent.o)
 .ARM.attributes
                0x000000000000070e       0x2c /Users/hsiang/.p2/pool/plugins/fr.ac6.mcu.externaltools.arm-none.macos64_1.16.0.201807130628/tools/compiler/bin/../lib/gcc/arm-none-eabi/7.2.1/../../../../arm-none-eabi/lib/thumb/v6-m/libc.a(lib_a-signal.o)
 .ARM.attributes
                0x000000000000073a       0x2c /Users/hsiang/.p2/pool/plugins/fr.ac6.mcu.externaltools.arm-none.macos64_1.16.0.201807130628/tools/compiler/bin/../lib/gcc/arm-none-eabi/7.2.1/../../../../arm-none-eabi/lib/thumb/v6-m/libc.a(lib_a-signalr.o)
 .ARM.attributes
                0x0000000000000766       0x2c /Users/hsiang/.p2/pool/plugins/fr.ac6.mcu.externaltools.arm-none.macos64_1.16.0.201807130628/tools/compiler/bin/../lib/gcc/arm-none-eabi/7.2.1/../../../../arm-none-eabi/lib/thumb/v6-m/libc.a(lib_a-stdio.o)
 .ARM.attributes
                0x0000000000000792       0x2c /Users/hsiang/.p2/pool/plugins/fr.ac6.mcu.externaltools.arm-none.macos64_1.16.0.201807130628/tools/compiler/bin/../lib/gcc/arm-none-eabi/7.2.1/../../../../arm-none-eabi/lib/thumb/v6-m/libc.a(lib_a-strlen-stub.o)
 .ARM.attributes
                0x00000000000007be       0x2c /Users/hsiang/.p2/pool/plugins/fr.ac6.mcu.externaltools.arm-none.macos64_1.16.0.201807130628/tools/compiler/bin/../lib/gcc/arm-none-eabi/7.2.1/../../../../arm-none-eabi/lib/thumb/v6-m/libc.a(lib_a-wbuf.o)
 .ARM.attributes
                0x00000000000007ea       0x2c /Users/hsiang/.p2/pool/plugins/fr.ac6.mcu.externaltools.arm-none.macos64_1.16.0.201807130628/tools/compiler/bin/../lib/gcc/arm-none-eabi/7.2.1/../../../../arm-none-eabi/lib/thumb/v6-m/libc.a(lib_a-wcrtomb.o)
 .ARM.attributes
                0x0000000000000816       0x2c /Users/hsiang/.p2/pool/plugins/fr.ac6.mcu.externaltools.arm-none.macos64_1.16.0.201807130628/tools/compiler/bin/../lib/gcc/arm-none-eabi/7.2.1/../../../../arm-none-eabi/lib/thumb/v6-m/libc.a(lib_a-wctomb_r.o)
 .ARM.attributes
                0x0000000000000842       0x2c /Users/hsiang/.p2/pool/plugins/fr.ac6.mcu.externaltools.arm-none.macos64_1.16.0.201807130628/tools/compiler/bin/../lib/gcc/arm-none-eabi/7.2.1/../../../../arm-none-eabi/lib/thumb/v6-m/libc.a(lib_a-writer.o)
 .ARM.attributes
                0x000000000000086e       0x2c /Users/hsiang/.p2/pool/plugins/fr.ac6.mcu.externaltools.arm-none.macos64_1.16.0.201807130628/tools/compiler/bin/../lib/gcc/arm-none-eabi/7.2.1/../../../../arm-none-eabi/lib/thumb/v6-m/libc.a(lib_a-__atexit.o)
 .ARM.attributes
                0x000000000000089a       0x2c /Users/hsiang/.p2/pool/plugins/fr.ac6.mcu.externaltools.arm-none.macos64_1.16.0.201807130628/tools/compiler/bin/../lib/gcc/arm-none-eabi/7.2.1/../../../../arm-none-eabi/lib/thumb/v6-m/libc.a(lib_a-closer.o)
 .ARM.attributes
                0x00000000000008c6       0x2c /Users/hsiang/.p2/pool/plugins/fr.ac6.mcu.externaltools.arm-none.macos64_1.16.0.201807130628/tools/compiler/bin/../lib/gcc/arm-none-eabi/7.2.1/../../../../arm-none-eabi/lib/thumb/v6-m/libc.a(lib_a-ctype_.o)
 .ARM.attributes
                0x00000000000008f2       0x2c /Users/hsiang/.p2/pool/plugins/fr.ac6.mcu.externaltools.arm-none.macos64_1.16.0.201807130628/tools/compiler/bin/../lib/gcc/arm-none-eabi/7.2.1/../../../../arm-none-eabi/lib/thumb/v6-m/libc.a(lib_a-fclose.o)
 .ARM.attributes
                0x000000000000091e       0x2c /Users/hsiang/.p2/pool/plugins/fr.ac6.mcu.externaltools.arm-none.macos64_1.16.0.201807130628/tools/compiler/bin/../lib/gcc/arm-none-eabi/7.2.1/../../../../arm-none-eabi/lib/thumb/v6-m/libc.a(lib_a-fstatr.o)
 .ARM.attributes
                0x000000000000094a       0x2c /Users/hsiang/.p2/pool/plugins/fr.ac6.mcu.externaltools.arm-none.macos64_1.16.0.201807130628/tools/compiler/bin/../lib/gcc/arm-none-eabi/7.2.1/../../../../arm-none-eabi/lib/thumb/v6-m/libc.a(lib_a-isattyr.o)
 .ARM.attributes
                0x0000000000000976       0x2c /Users/hsiang/.p2/pool/plugins/fr.ac6.mcu.externaltools.arm-none.macos64_1.16.0.201807130628/tools/compiler/bin/../lib/gcc/arm-none-eabi/7.2.1/../../../../arm-none-eabi/lib/thumb/v6-m/libc.a(lib_a-lseekr.o)
 .ARM.attributes
                0x00000000000009a2       0x2c /Users/hsiang/.p2/pool/plugins/fr.ac6.mcu.externaltools.arm-none.macos64_1.16.0.201807130628/tools/compiler/bin/../lib/gcc/arm-none-eabi/7.2.1/../../../../arm-none-eabi/lib/thumb/v6-m/libc.a(lib_a-readr.o)
 .ARM.attributes
                0x00000000000009ce       0x1e /Users/hsiang/.p2/pool/plugins/fr.ac6.mcu.externaltools.arm-none.macos64_1.16.0.201807130628/tools/compiler/bin/../lib/gcc/arm-none-eabi/7.2.1/thumb/v6-m/libgcc.a(_aeabi_uldivmod.o)
 .ARM.attributes
                0x00000000000009ec       0x2c /Users/hsiang/.p2/pool/plugins/fr.ac6.mcu.externaltools.arm-none.macos64_1.16.0.201807130628/tools/compiler/bin/../lib/gcc/arm-none-eabi/7.2.1/thumb/v6-m/libgcc.a(_udivmoddi4.o)
 .ARM.attributes
                0x0000000000000a18       0x1e /Users/hsiang/.p2/pool/plugins/fr.ac6.mcu.externaltools.arm-none.macos64_1.16.0.201807130628/tools/compiler/bin/../lib/gcc/arm-none-eabi/7.2.1/thumb/v6-m/libgcc.a(_clzdi2.o)
 .ARM.attributes
                0x0000000000000a36       0x1e /Users/hsiang/.p2/pool/plugins/fr.ac6.mcu.externaltools.arm-none.macos64_1.16.0.201807130628/tools/compiler/bin/../lib/gcc/arm-none-eabi/7.2.1/thumb/v6-m/libgcc.a(_clzsi2.o)
 .ARM.attributes
                0x0000000000000a54       0x1e /Users/hsiang/.p2/pool/plugins/fr.ac6.mcu.externaltools.arm-none.macos64_1.16.0.201807130628/tools/compiler/bin/../lib/gcc/arm-none-eabi/7.2.1/thumb/v6-m/crtn.o
OUTPUT(etch_a_sketch.elf elf32-littlearm)

.debug_info     0x0000000000000000     0x3b25
 .debug_info    0x0000000000000000      0xbdc src/block.o
 .debug_info    0x0000000000000bdc      0xf5c src/main.o
 .debug_info    0x0000000000001b38      0xdc8 src/potentiometer.o
 .debug_info    0x0000000000002900      0xf2e src/syscalls.o
 .debug_info    0x000000000000382e      0x2d5 src/system_stm32f0xx.o
 .debug_info    0x0000000000003b03       0x22 startup/startup_stm32f0xx.o

.debug_abbrev   0x0000000000000000      0xbcf
 .debug_abbrev  0x0000000000000000      0x244 src/block.o
 .debug_abbrev  0x0000000000000244      0x318 src/main.o
 .debug_abbrev  0x000000000000055c      0x27f src/potentiometer.o
 .debug_abbrev  0x00000000000007db      0x2aa src/syscalls.o
 .debug_abbrev  0x0000000000000a85      0x138 src/system_stm32f0xx.o
 .debug_abbrev  0x0000000000000bbd       0x12 startup/startup_stm32f0xx.o

.debug_aranges  0x0000000000000000      0x210
 .debug_aranges
                0x0000000000000000       0x30 src/block.o
 .debug_aranges
                0x0000000000000030       0x90 src/main.o
 .debug_aranges
                0x00000000000000c0       0x48 src/potentiometer.o
 .debug_aranges
                0x0000000000000108       0xb0 src/syscalls.o
 .debug_aranges
                0x00000000000001b8       0x30 src/system_stm32f0xx.o
 .debug_aranges
                0x00000000000001e8       0x28 startup/startup_stm32f0xx.o

.debug_ranges   0x0000000000000000      0x1b8
 .debug_ranges  0x0000000000000000       0x20 src/block.o
 .debug_ranges  0x0000000000000020       0x80 src/main.o
 .debug_ranges  0x00000000000000a0       0x38 src/potentiometer.o
 .debug_ranges  0x00000000000000d8       0xa0 src/syscalls.o
 .debug_ranges  0x0000000000000178       0x20 src/system_stm32f0xx.o
 .debug_ranges  0x0000000000000198       0x20 startup/startup_stm32f0xx.o

.debug_macro    0x0000000000000000     0x2369
 .debug_macro   0x0000000000000000      0x31e src/block.o
 .debug_macro   0x000000000000031e       0x52 src/block.o
 .debug_macro   0x0000000000000370       0x17 src/block.o
 .debug_macro   0x0000000000000387       0x8d src/block.o
 .debug_macro   0x0000000000000414       0x35 src/block.o
 .debug_macro   0x0000000000000449       0x9c src/block.o
 .debug_macro   0x00000000000004e5       0x1c src/block.o
 .debug_macro   0x0000000000000501       0x1c src/block.o
 .debug_macro   0x000000000000051d       0x57 src/block.o
 .debug_macro   0x0000000000000574       0x97 src/block.o
 .debug_macro   0x000000000000060b      0x330 src/block.o
 .debug_macro   0x000000000000093b       0xfd src/block.o
 .debug_macro   0x0000000000000a38       0x10 src/block.o
 .debug_macro   0x0000000000000a48       0x58 src/block.o
 .debug_macro   0x0000000000000aa0       0x1f src/block.o
 .debug_macro   0x0000000000000abf       0x43 src/block.o
 .debug_macro   0x0000000000000b02       0x20 src/block.o
 .debug_macro   0x0000000000000b22      0x18e src/block.o
 .debug_macro   0x0000000000000cb0       0x10 src/block.o
 .debug_macro   0x0000000000000cc0       0x1c src/block.o
 .debug_macro   0x0000000000000cdc       0x52 src/block.o
 .debug_macro   0x0000000000000d2e       0x40 src/block.o
 .debug_macro   0x0000000000000d6e       0x10 src/block.o
 .debug_macro   0x0000000000000d7e       0x40 src/block.o
 .debug_macro   0x0000000000000dbe       0xd7 src/block.o
 .debug_macro   0x0000000000000e95       0x1c src/block.o
 .debug_macro   0x0000000000000eb1       0x3d src/block.o
 .debug_macro   0x0000000000000eee       0x16 src/block.o
 .debug_macro   0x0000000000000f04      0x16f src/block.o
 .debug_macro   0x0000000000001073       0x16 src/block.o
 .debug_macro   0x0000000000001089       0x35 src/block.o
 .debug_macro   0x00000000000010be       0x16 src/block.o
 .debug_macro   0x00000000000010d4       0x29 src/block.o
 .debug_macro   0x00000000000010fd       0x58 src/block.o
 .debug_macro   0x0000000000001155      0x34d src/main.o
 .debug_macro   0x00000000000014a2       0x16 src/main.o
 .debug_macro   0x00000000000014b8       0x34 src/main.o
 .debug_macro   0x00000000000014ec      0x343 src/potentiometer.o
 .debug_macro   0x000000000000182f      0x243 src/syscalls.o
 .debug_macro   0x0000000000001a72      0x174 src/syscalls.o
 .debug_macro   0x0000000000001be6       0x10 src/syscalls.o
 .debug_macro   0x0000000000001bf6       0x10 src/syscalls.o
 .debug_macro   0x0000000000001c06       0x10 src/syscalls.o
 .debug_macro   0x0000000000001c16       0x35 src/syscalls.o
 .debug_macro   0x0000000000001c4b      0x122 src/syscalls.o
 .debug_macro   0x0000000000001d6d       0x10 src/syscalls.o
 .debug_macro   0x0000000000001d7d      0x241 src/syscalls.o
 .debug_macro   0x0000000000001fbe       0x10 src/syscalls.o
 .debug_macro   0x0000000000001fce      0x189 src/syscalls.o
 .debug_macro   0x0000000000002157       0x16 src/syscalls.o
 .debug_macro   0x000000000000216d       0x88 src/syscalls.o
 .debug_macro   0x00000000000021f5      0x174 src/system_stm32f0xx.o

.debug_line     0x0000000000000000     0x26e3
 .debug_line    0x0000000000000000      0x7d3 src/block.o
 .debug_line    0x00000000000007d3      0x9dc src/main.o
 .debug_line    0x00000000000011af      0x8b7 src/potentiometer.o
 .debug_line    0x0000000000001a66      0x5e7 src/syscalls.o
 .debug_line    0x000000000000204d      0x615 src/system_stm32f0xx.o
 .debug_line    0x0000000000002662       0x81 startup/startup_stm32f0xx.o

.debug_str      0x0000000000000000    0x316ba
 .debug_str     0x0000000000000000    0x30199 src/block.o
                                      0x3040f (size before relaxing)
 .debug_str     0x0000000000030199      0x25d src/main.o
                                      0x305b4 (size before relaxing)
 .debug_str     0x00000000000303f6       0xb8 src/potentiometer.o
                                      0x305c2 (size before relaxing)
 .debug_str     0x00000000000304ae     0x111c src/syscalls.o
                                       0x8657 (size before relaxing)
 .debug_str     0x00000000000315ca       0xc2 src/system_stm32f0xx.o
                                      0x2bd18 (size before relaxing)
 .debug_str     0x000000000003168c       0x2e startup/startup_stm32f0xx.o
                                         0x74 (size before relaxing)

.comment        0x0000000000000000       0x7e
 .comment       0x0000000000000000       0x7e src/block.o
                                         0x7f (size before relaxing)
 .comment       0x000000000000007e       0x7f src/main.o
 .comment       0x000000000000007e       0x7f src/potentiometer.o
 .comment       0x000000000000007e       0x7f src/syscalls.o
 .comment       0x000000000000007e       0x7f src/system_stm32f0xx.o

.debug_frame    0x0000000000000000     0x1468
 .debug_frame   0x0000000000000000       0x74 src/block.o
 .debug_frame   0x0000000000000074      0x1e8 src/main.o
 .debug_frame   0x000000000000025c       0xcc src/potentiometer.o
 .debug_frame   0x0000000000000328      0x264 src/syscalls.o
 .debug_frame   0x000000000000058c       0x6c src/system_stm32f0xx.o
 .debug_frame   0x00000000000005f8       0x20 /Users/hsiang/.p2/pool/plugins/fr.ac6.mcu.externaltools.arm-none.macos64_1.16.0.201807130628/tools/compiler/bin/../lib/gcc/arm-none-eabi/7.2.1/thumb/v6-m/libgcc.a(_udivsi3.o)
 .debug_frame   0x0000000000000618       0x20 /Users/hsiang/.p2/pool/plugins/fr.ac6.mcu.externaltools.arm-none.macos64_1.16.0.201807130628/tools/compiler/bin/../lib/gcc/arm-none-eabi/7.2.1/thumb/v6-m/libgcc.a(_divsi3.o)
 .debug_frame   0x0000000000000638       0x44 /Users/hsiang/.p2/pool/plugins/fr.ac6.mcu.externaltools.arm-none.macos64_1.16.0.201807130628/tools/compiler/bin/../lib/gcc/arm-none-eabi/7.2.1/../../../../arm-none-eabi/lib/thumb/v6-m/libc.a(lib_a-assert.o)
 .debug_frame   0x000000000000067c       0x20 /Users/hsiang/.p2/pool/plugins/fr.ac6.mcu.externaltools.arm-none.macos64_1.16.0.201807130628/tools/compiler/bin/../lib/gcc/arm-none-eabi/7.2.1/../../../../arm-none-eabi/lib/thumb/v6-m/libc.a(lib_a-errno.o)
 .debug_frame   0x000000000000069c       0x48 /Users/hsiang/.p2/pool/plugins/fr.ac6.mcu.externaltools.arm-none.macos64_1.16.0.201807130628/tools/compiler/bin/../lib/gcc/arm-none-eabi/7.2.1/../../../../arm-none-eabi/lib/thumb/v6-m/libc.a(lib_a-fiprintf.o)
 .debug_frame   0x00000000000006e4       0x2c /Users/hsiang/.p2/pool/plugins/fr.ac6.mcu.externaltools.arm-none.macos64_1.16.0.201807130628/tools/compiler/bin/../lib/gcc/arm-none-eabi/7.2.1/../../../../arm-none-eabi/lib/thumb/v6-m/libc.a(lib_a-init.o)
 .debug_frame   0x0000000000000710       0x40 /Users/hsiang/.p2/pool/plugins/fr.ac6.mcu.externaltools.arm-none.macos64_1.16.0.201807130628/tools/compiler/bin/../lib/gcc/arm-none-eabi/7.2.1/../../../../arm-none-eabi/lib/thumb/v6-m/libc.a(lib_a-malloc.o)
 .debug_frame   0x0000000000000750       0x3c /Users/hsiang/.p2/pool/plugins/fr.ac6.mcu.externaltools.arm-none.macos64_1.16.0.201807130628/tools/compiler/bin/../lib/gcc/arm-none-eabi/7.2.1/../../../../arm-none-eabi/lib/thumb/v6-m/libc.a(lib_a-mallocr.o)
 .debug_frame   0x000000000000078c       0x30 /Users/hsiang/.p2/pool/plugins/fr.ac6.mcu.externaltools.arm-none.macos64_1.16.0.201807130628/tools/compiler/bin/../lib/gcc/arm-none-eabi/7.2.1/../../../../arm-none-eabi/lib/thumb/v6-m/libc.a(lib_a-memset.o)
 .debug_frame   0x00000000000007bc       0x40 /Users/hsiang/.p2/pool/plugins/fr.ac6.mcu.externaltools.arm-none.macos64_1.16.0.201807130628/tools/compiler/bin/../lib/gcc/arm-none-eabi/7.2.1/../../../../arm-none-eabi/lib/thumb/v6-m/libc.a(lib_a-mlock.o)
 .debug_frame   0x00000000000007fc       0x2c /Users/hsiang/.p2/pool/plugins/fr.ac6.mcu.externaltools.arm-none.macos64_1.16.0.201807130628/tools/compiler/bin/../lib/gcc/arm-none-eabi/7.2.1/../../../../arm-none-eabi/lib/thumb/v6-m/libc.a(lib_a-sbrkr.o)
 .debug_frame   0x0000000000000828       0xbc /Users/hsiang/.p2/pool/plugins/fr.ac6.mcu.externaltools.arm-none.macos64_1.16.0.201807130628/tools/compiler/bin/../lib/gcc/arm-none-eabi/7.2.1/../../../../arm-none-eabi/lib/thumb/v6-m/libc.a(lib_a-vfiprintf.o)
 .debug_frame   0x00000000000008e4       0x2c /Users/hsiang/.p2/pool/plugins/fr.ac6.mcu.externaltools.arm-none.macos64_1.16.0.201807130628/tools/compiler/bin/../lib/gcc/arm-none-eabi/7.2.1/../../../../arm-none-eabi/lib/thumb/v6-m/libc.a(lib_a-wsetup.o)
 .debug_frame   0x0000000000000910       0x54 /Users/hsiang/.p2/pool/plugins/fr.ac6.mcu.externaltools.arm-none.macos64_1.16.0.201807130628/tools/compiler/bin/../lib/gcc/arm-none-eabi/7.2.1/../../../../arm-none-eabi/lib/thumb/v6-m/libc.a(lib_a-__call_atexit.o)
 .debug_frame   0x0000000000000964       0x28 /Users/hsiang/.p2/pool/plugins/fr.ac6.mcu.externaltools.arm-none.macos64_1.16.0.201807130628/tools/compiler/bin/../lib/gcc/arm-none-eabi/7.2.1/../../../../arm-none-eabi/lib/thumb/v6-m/libc.a(lib_a-abort.o)
 .debug_frame   0x000000000000098c       0x28 /Users/hsiang/.p2/pool/plugins/fr.ac6.mcu.externaltools.arm-none.macos64_1.16.0.201807130628/tools/compiler/bin/../lib/gcc/arm-none-eabi/7.2.1/../../../../arm-none-eabi/lib/thumb/v6-m/libc.a(lib_a-atexit.o)
 .debug_frame   0x00000000000009b4       0x68 /Users/hsiang/.p2/pool/plugins/fr.ac6.mcu.externaltools.arm-none.macos64_1.16.0.201807130628/tools/compiler/bin/../lib/gcc/arm-none-eabi/7.2.1/../../../../arm-none-eabi/lib/thumb/v6-m/libc.a(lib_a-fflush.o)
 .debug_frame   0x0000000000000a1c      0x170 /Users/hsiang/.p2/pool/plugins/fr.ac6.mcu.externaltools.arm-none.macos64_1.16.0.201807130628/tools/compiler/bin/../lib/gcc/arm-none-eabi/7.2.1/../../../../arm-none-eabi/lib/thumb/v6-m/libc.a(lib_a-findfp.o)
 .debug_frame   0x0000000000000b8c       0x2c /Users/hsiang/.p2/pool/plugins/fr.ac6.mcu.externaltools.arm-none.macos64_1.16.0.201807130628/tools/compiler/bin/../lib/gcc/arm-none-eabi/7.2.1/../../../../arm-none-eabi/lib/thumb/v6-m/libc.a(lib_a-fini.o)
 .debug_frame   0x0000000000000bb8       0x70 /Users/hsiang/.p2/pool/plugins/fr.ac6.mcu.externaltools.arm-none.macos64_1.16.0.201807130628/tools/compiler/bin/../lib/gcc/arm-none-eabi/7.2.1/../../../../arm-none-eabi/lib/thumb/v6-m/libc.a(lib_a-fputwc.o)
 .debug_frame   0x0000000000000c28       0x58 /Users/hsiang/.p2/pool/plugins/fr.ac6.mcu.externaltools.arm-none.macos64_1.16.0.201807130628/tools/compiler/bin/../lib/gcc/arm-none-eabi/7.2.1/../../../../arm-none-eabi/lib/thumb/v6-m/libc.a(lib_a-freer.o)
 .debug_frame   0x0000000000000c80       0x3c /Users/hsiang/.p2/pool/plugins/fr.ac6.mcu.externaltools.arm-none.macos64_1.16.0.201807130628/tools/compiler/bin/../lib/gcc/arm-none-eabi/7.2.1/../../../../arm-none-eabi/lib/thumb/v6-m/libc.a(lib_a-fvwrite.o)
 .debug_frame   0x0000000000000cbc       0x5c /Users/hsiang/.p2/pool/plugins/fr.ac6.mcu.externaltools.arm-none.macos64_1.16.0.201807130628/tools/compiler/bin/../lib/gcc/arm-none-eabi/7.2.1/../../../../arm-none-eabi/lib/thumb/v6-m/libc.a(lib_a-fwalk.o)
 .debug_frame   0x0000000000000d18       0x74 /Users/hsiang/.p2/pool/plugins/fr.ac6.mcu.externaltools.arm-none.macos64_1.16.0.201807130628/tools/compiler/bin/../lib/gcc/arm-none-eabi/7.2.1/../../../../arm-none-eabi/lib/thumb/v6-m/libc.a(lib_a-locale.o)
 .debug_frame   0x0000000000000d8c       0xb0 /Users/hsiang/.p2/pool/plugins/fr.ac6.mcu.externaltools.arm-none.macos64_1.16.0.201807130628/tools/compiler/bin/../lib/gcc/arm-none-eabi/7.2.1/../../../../arm-none-eabi/lib/thumb/v6-m/libc.a(lib_a-lock.o)
 .debug_frame   0x0000000000000e3c       0x50 /Users/hsiang/.p2/pool/plugins/fr.ac6.mcu.externaltools.arm-none.macos64_1.16.0.201807130628/tools/compiler/bin/../lib/gcc/arm-none-eabi/7.2.1/../../../../arm-none-eabi/lib/thumb/v6-m/libc.a(lib_a-makebuf.o)
 .debug_frame   0x0000000000000e8c       0x40 /Users/hsiang/.p2/pool/plugins/fr.ac6.mcu.externaltools.arm-none.macos64_1.16.0.201807130628/tools/compiler/bin/../lib/gcc/arm-none-eabi/7.2.1/../../../../arm-none-eabi/lib/thumb/v6-m/libc.a(lib_a-mbtowc_r.o)
 .debug_frame   0x0000000000000ecc       0x2c /Users/hsiang/.p2/pool/plugins/fr.ac6.mcu.externaltools.arm-none.macos64_1.16.0.201807130628/tools/compiler/bin/../lib/gcc/arm-none-eabi/7.2.1/../../../../arm-none-eabi/lib/thumb/v6-m/libc.a(lib_a-memchr-stub.o)
 .debug_frame   0x0000000000000ef8       0x30 /Users/hsiang/.p2/pool/plugins/fr.ac6.mcu.externaltools.arm-none.macos64_1.16.0.201807130628/tools/compiler/bin/../lib/gcc/arm-none-eabi/7.2.1/../../../../arm-none-eabi/lib/thumb/v6-m/libc.a(lib_a-memcpy-stub.o)
 .debug_frame   0x0000000000000f28       0x30 /Users/hsiang/.p2/pool/plugins/fr.ac6.mcu.externaltools.arm-none.macos64_1.16.0.201807130628/tools/compiler/bin/../lib/gcc/arm-none-eabi/7.2.1/../../../../arm-none-eabi/lib/thumb/v6-m/libc.a(lib_a-memmove.o)
 .debug_frame   0x0000000000000f58       0x3c /Users/hsiang/.p2/pool/plugins/fr.ac6.mcu.externaltools.arm-none.macos64_1.16.0.201807130628/tools/compiler/bin/../lib/gcc/arm-none-eabi/7.2.1/../../../../arm-none-eabi/lib/thumb/v6-m/libc.a(lib_a-reallocr.o)
 .debug_frame   0x0000000000000f94       0x48 /Users/hsiang/.p2/pool/plugins/fr.ac6.mcu.externaltools.arm-none.macos64_1.16.0.201807130628/tools/compiler/bin/../lib/gcc/arm-none-eabi/7.2.1/../../../../arm-none-eabi/lib/thumb/v6-m/libc.a(lib_a-reent.o)
 .debug_frame   0x0000000000000fdc       0xf8 /Users/hsiang/.p2/pool/plugins/fr.ac6.mcu.externaltools.arm-none.macos64_1.16.0.201807130628/tools/compiler/bin/../lib/gcc/arm-none-eabi/7.2.1/../../../../arm-none-eabi/lib/thumb/v6-m/libc.a(lib_a-signal.o)
 .debug_frame   0x00000000000010d4       0x44 /Users/hsiang/.p2/pool/plugins/fr.ac6.mcu.externaltools.arm-none.macos64_1.16.0.201807130628/tools/compiler/bin/../lib/gcc/arm-none-eabi/7.2.1/../../../../arm-none-eabi/lib/thumb/v6-m/libc.a(lib_a-signalr.o)
 .debug_frame   0x0000000000001118       0x90 /Users/hsiang/.p2/pool/plugins/fr.ac6.mcu.externaltools.arm-none.macos64_1.16.0.201807130628/tools/compiler/bin/../lib/gcc/arm-none-eabi/7.2.1/../../../../arm-none-eabi/lib/thumb/v6-m/libc.a(lib_a-stdio.o)
 .debug_frame   0x00000000000011a8       0x28 /Users/hsiang/.p2/pool/plugins/fr.ac6.mcu.externaltools.arm-none.macos64_1.16.0.201807130628/tools/compiler/bin/../lib/gcc/arm-none-eabi/7.2.1/../../../../arm-none-eabi/lib/thumb/v6-m/libc.a(lib_a-strlen-stub.o)
 .debug_frame   0x00000000000011d0       0x48 /Users/hsiang/.p2/pool/plugins/fr.ac6.mcu.externaltools.arm-none.macos64_1.16.0.201807130628/tools/compiler/bin/../lib/gcc/arm-none-eabi/7.2.1/../../../../arm-none-eabi/lib/thumb/v6-m/libc.a(lib_a-wbuf.o)
 .debug_frame   0x0000000000001218       0x50 /Users/hsiang/.p2/pool/plugins/fr.ac6.mcu.externaltools.arm-none.macos64_1.16.0.201807130628/tools/compiler/bin/../lib/gcc/arm-none-eabi/7.2.1/../../../../arm-none-eabi/lib/thumb/v6-m/libc.a(lib_a-wcrtomb.o)
 .debug_frame   0x0000000000001268       0x3c /Users/hsiang/.p2/pool/plugins/fr.ac6.mcu.externaltools.arm-none.macos64_1.16.0.201807130628/tools/compiler/bin/../lib/gcc/arm-none-eabi/7.2.1/../../../../arm-none-eabi/lib/thumb/v6-m/libc.a(lib_a-wctomb_r.o)
 .debug_frame   0x00000000000012a4       0x2c /Users/hsiang/.p2/pool/plugins/fr.ac6.mcu.externaltools.arm-none.macos64_1.16.0.201807130628/tools/compiler/bin/../lib/gcc/arm-none-eabi/7.2.1/../../../../arm-none-eabi/lib/thumb/v6-m/libc.a(lib_a-writer.o)
 .debug_frame   0x00000000000012d0       0x3c /Users/hsiang/.p2/pool/plugins/fr.ac6.mcu.externaltools.arm-none.macos64_1.16.0.201807130628/tools/compiler/bin/../lib/gcc/arm-none-eabi/7.2.1/../../../../arm-none-eabi/lib/thumb/v6-m/libc.a(lib_a-__atexit.o)
 .debug_frame   0x000000000000130c       0x2c /Users/hsiang/.p2/pool/plugins/fr.ac6.mcu.externaltools.arm-none.macos64_1.16.0.201807130628/tools/compiler/bin/../lib/gcc/arm-none-eabi/7.2.1/../../../../arm-none-eabi/lib/thumb/v6-m/libc.a(lib_a-closer.o)
 .debug_frame   0x0000000000001338       0x44 /Users/hsiang/.p2/pool/plugins/fr.ac6.mcu.externaltools.arm-none.macos64_1.16.0.201807130628/tools/compiler/bin/../lib/gcc/arm-none-eabi/7.2.1/../../../../arm-none-eabi/lib/thumb/v6-m/libc.a(lib_a-fclose.o)
 .debug_frame   0x000000000000137c       0x2c /Users/hsiang/.p2/pool/plugins/fr.ac6.mcu.externaltools.arm-none.macos64_1.16.0.201807130628/tools/compiler/bin/../lib/gcc/arm-none-eabi/7.2.1/../../../../arm-none-eabi/lib/thumb/v6-m/libc.a(lib_a-fstatr.o)
 .debug_frame   0x00000000000013a8       0x2c /Users/hsiang/.p2/pool/plugins/fr.ac6.mcu.externaltools.arm-none.macos64_1.16.0.201807130628/tools/compiler/bin/../lib/gcc/arm-none-eabi/7.2.1/../../../../arm-none-eabi/lib/thumb/v6-m/libc.a(lib_a-isattyr.o)
 .debug_frame   0x00000000000013d4       0x2c /Users/hsiang/.p2/pool/plugins/fr.ac6.mcu.externaltools.arm-none.macos64_1.16.0.201807130628/tools/compiler/bin/../lib/gcc/arm-none-eabi/7.2.1/../../../../arm-none-eabi/lib/thumb/v6-m/libc.a(lib_a-lseekr.o)
 .debug_frame   0x0000000000001400       0x2c /Users/hsiang/.p2/pool/plugins/fr.ac6.mcu.externaltools.arm-none.macos64_1.16.0.201807130628/tools/compiler/bin/../lib/gcc/arm-none-eabi/7.2.1/../../../../arm-none-eabi/lib/thumb/v6-m/libc.a(lib_a-readr.o)
 .debug_frame   0x000000000000142c       0x3c /Users/hsiang/.p2/pool/plugins/fr.ac6.mcu.externaltools.arm-none.macos64_1.16.0.201807130628/tools/compiler/bin/../lib/gcc/arm-none-eabi/7.2.1/thumb/v6-m/libgcc.a(_udivmoddi4.o)
